184.162.204.40 - - [09/Oct/2021:01:24:56 +0000] "GET /lof.bc434639.svg HTTP/1.1" 200 18094 "http://marketplacebeta.centralus.cloudapp.azure.com/" "Mozilla/5.0 (Windows NT 10.0; Win64; x64) AppleWebKit/537.36 (KHTML, like Gecko) Chrome/94.0.4606.71 Safari/537.36"
184.162.204.40 - - [09/Oct/2021:01:24:56 +0000] "GET /arrow-bottom.eec78b03.svg HTTP/1.1" 200 173 "http://marketplacebeta.centralus.cloudapp.azure.com/main.0e1de5c6.css" "Mozilla/5.0 (Windows NT 10.0; Win64; x64) AppleWebKit/537.36 (KHTML, like Gecko) Chrome/94.0.4606.71 Safari/537.36"
184.162.204.40 - - [09/Oct/2021:01:24:56 +0000] "POST /graphql HTTP/1.1" 200 376 "http://marketplacebeta.centralus.cloudapp.azure.com/" "Mozilla/5.0 (Windows NT 10.0; Win64; x64) AppleWebKit/537.36 (KHTML, like Gecko) Chrome/94.0.4606.71 Safari/537.36"
184.162.204.40 - - [09/Oct/2021:01:24:56 +0000] "POST /graphql HTTP/1.1" 200 376 "http://marketplacebeta.centralus.cloudapp.azure.com/" "Mozilla/5.0 (Windows NT 10.0; Win64; x64) AppleWebKit/537.36 (KHTML, like Gecko) Chrome/94.0.4606.71 Safari/537.36"
184.162.204.40 - - [09/Oct/2021:01:24:56 +0000] "POST /graphql HTTP/1.1" 200 376 "http://marketplacebeta.centralus.cloudapp.azure.com/" "Mozilla/5.0 (Windows NT 10.0; Win64; x64) AppleWebKit/537.36 (KHTML, like Gecko) Chrome/94.0.4606.71 Safari/537.36"
73.193.44.205 - - [09/Oct/2021:01:25:01 +0000] "POST /graphql HTTP/1.1" 200 6883 "http://marketplacebeta.centralus.cloudapp.azure.com/" "Mozilla/5.0 (Macintosh; Intel Mac OS X 10_15_7) AppleWebKit/537.36 (KHTML, like Gecko) Chrome/94.0.4606.71 Safari/537.36"
73.193.44.205 - - [09/Oct/2021:01:25:02 +0000] "GET /admin/auth/user/1/password/ HTTP/1.1" 200 1801 "http://marketplacebeta.centralus.cloudapp.azure.com/admin/auth/user/1/change/" "Mozilla/5.0 (Macintosh; Intel Mac OS X 10_15_7) AppleWebKit/537.36 (KHTML, like Gecko) Chrome/94.0.4606.71 Safari/537.36"
184.162.204.40 - - [09/Oct/2021:01:25:03 +0000] "GET /creators/undefined HTTP/1.1" 200 335 "http://marketplacebeta.centralus.cloudapp.azure.com/creators/@me" "Mozilla/5.0 (Windows NT 10.0; Win64; x64) AppleWebKit/537.36 (KHTML, like Gecko) Chrome/94.0.4606.71 Safari/537.36"
184.162.204.40 - - [09/Oct/2021:01:25:04 +0000] "POST /graphql HTTP/1.1" 200 376 "http://marketplacebeta.centralus.cloudapp.azure.com/creators/@me" "Mozilla/5.0 (Windows NT 10.0; Win64; x64) AppleWebKit/537.36 (KHTML, like Gecko) Chrome/94.0.4606.71 Safari/537.36"
184.162.204.40 - - [09/Oct/2021:01:25:04 +0000] "POST /graphql HTTP/1.1" 200 376 "http://marketplacebeta.centralus.cloudapp.azure.com/creators/@me" "Mozilla/5.0 (Windows NT 10.0; Win64; x64) AppleWebKit/537.36 (KHTML, like Gecko) Chrome/94.0.4606.71 Safari/537.36"
184.162.204.40 - - [09/Oct/2021:01:25:04 +0000] "GET /edit.d344d5e3.svg HTTP/1.1" 200 492 "http://marketplacebeta.centralus.cloudapp.azure.com/creators/@me" "Mozilla/5.0 (Windows NT 10.0; Win64; x64) AppleWebKit/537.36 (KHTML, like Gecko) Chrome/94.0.4606.71 Safari/537.36"
184.162.204.40 - - [09/Oct/2021:01:25:04 +0000] "GET /creators/null HTTP/1.1" 200 335 "http://marketplacebeta.centralus.cloudapp.azure.com/creators/@me" "Mozilla/5.0 (Windows NT 10.0; Win64; x64) AppleWebKit/537.36 (KHTML, like Gecko) Chrome/94.0.4606.71 Safari/537.36"
73.193.44.205 - - [09/Oct/2021:01:25:04 +0000] "POST /graphql HTTP/1.1" 200 6883 "http://marketplacebeta.centralus.cloudapp.azure.com/" "Mozilla/5.0 (Macintosh; Intel Mac OS X 10_15_7) AppleWebKit/537.36 (KHTML, like Gecko) Chrome/94.0.4606.71 Safari/537.36"
73.193.44.205 - - [09/Oct/2021:01:25:04 +0000] "POST /graphql HTTP/1.1" 200 6883 "http://marketplacebeta.centralus.cloudapp.azure.com/" "Mozilla/5.0 (Macintosh; Intel Mac OS X 10_15_7) AppleWebKit/537.36 (KHTML, like Gecko) Chrome/94.0.4606.71 Safari/537.36"
73.193.44.205 - - [09/Oct/2021:01:25:10 +0000] "POST /admin/auth/user/1/password/ HTTP/1.1" 302 0 "http://marketplacebeta.centralus.cloudapp.azure.com/admin/auth/user/1/password/" "Mozilla/5.0 (Macintosh; Intel Mac OS X 10_15_7) AppleWebKit/537.36 (KHTML, like Gecko) Chrome/94.0.4606.71 Safari/537.36"
73.193.44.205 - - [09/Oct/2021:01:25:10 +0000] "GET /admin/auth/user/1/change/ HTTP/1.1" 200 4737 "http://marketplacebeta.centralus.cloudapp.azure.com/admin/auth/user/1/password/" "Mozilla/5.0 (Macintosh; Intel Mac OS X 10_15_7) AppleWebKit/537.36 (KHTML, like Gecko) Chrome/94.0.4606.71 Safari/537.36"
73.193.44.205 - - [09/Oct/2021:01:25:10 +0000] "GET /admin/jsi18n/ HTTP/1.1" 200 3325 "http://marketplacebeta.centralus.cloudapp.azure.com/admin/auth/user/1/change/" "Mozilla/5.0 (Macintosh; Intel Mac OS X 10_15_7) AppleWebKit/537.36 (KHTML, like Gecko) Chrome/94.0.4606.71 Safari/537.36"
184.162.204.40 - - [09/Oct/2021:01:25:11 +0000] "POST /graphql HTTP/1.1" 200 376 "http://marketplacebeta.centralus.cloudapp.azure.com/creators/@me" "Mozilla/5.0 (Windows NT 10.0; Win64; x64) AppleWebKit/537.36 (KHTML, like Gecko) Chrome/94.0.4606.71 Safari/537.36"
184.162.204.40 - - [09/Oct/2021:01:25:11 +0000] "POST /graphql HTTP/1.1" 200 376 "http://marketplacebeta.centralus.cloudapp.azure.com/creators/@me" "Mozilla/5.0 (Windows NT 10.0; Win64; x64) AppleWebKit/537.36 (KHTML, like Gecko) Chrome/94.0.4606.71 Safari/537.36"
184.162.204.40 - - [09/Oct/2021:01:25:11 +0000] "POST /graphql HTTP/1.1" 200 376 "http://marketplacebeta.centralus.cloudapp.azure.com/creators/@me" "Mozilla/5.0 (Windows NT 10.0; Win64; x64) AppleWebKit/537.36 (KHTML, like Gecko) Chrome/94.0.4606.71 Safari/537.36"
184.162.204.40 - - [09/Oct/2021:01:25:11 +0000] "POST /graphql HTTP/1.1" 200 376 "http://marketplacebeta.centralus.cloudapp.azure.com/creators/@me" "Mozilla/5.0 (Windows NT 10.0; Win64; x64) AppleWebKit/537.36 (KHTML, like Gecko) Chrome/94.0.4606.71 Safari/537.36"
184.162.204.40 - - [09/Oct/2021:01:25:11 +0000] "POST /graphql HTTP/1.1" 200 376 "http://marketplacebeta.centralus.cloudapp.azure.com/creators/@me" "Mozilla/5.0 (Windows NT 10.0; Win64; x64) AppleWebKit/537.36 (KHTML, like Gecko) Chrome/94.0.4606.71 Safari/537.36"
184.162.204.40 - - [09/Oct/2021:01:25:11 +0000] "POST /graphql HTTP/1.1" 200 376 "http://marketplacebeta.centralus.cloudapp.azure.com/creators/@me" "Mozilla/5.0 (Windows NT 10.0; Win64; x64) AppleWebKit/537.36 (KHTML, like Gecko) Chrome/94.0.4606.71 Safari/537.36"
184.162.204.40 - - [09/Oct/2021:01:25:11 +0000] "POST /graphql HTTP/1.1" 200 376 "http://marketplacebeta.centralus.cloudapp.azure.com/creators/@me" "Mozilla/5.0 (Windows NT 10.0; Win64; x64) AppleWebKit/537.36 (KHTML, like Gecko) Chrome/94.0.4606.71 Safari/537.36"
184.162.204.40 - - [09/Oct/2021:01:25:11 +0000] "POST /graphql HTTP/1.1" 200 376 "http://marketplacebeta.centralus.cloudapp.azure.com/creators/@me" "Mozilla/5.0 (Windows NT 10.0; Win64; x64) AppleWebKit/537.36 (KHTML, like Gecko) Chrome/94.0.4606.71 Safari/537.36"
184.162.204.40 - - [09/Oct/2021:01:25:11 +0000] "POST /graphql HTTP/1.1" 200 376 "http://marketplacebeta.centralus.cloudapp.azure.com/creators/@me" "Mozilla/5.0 (Windows NT 10.0; Win64; x64) AppleWebKit/537.36 (KHTML, like Gecko) Chrome/94.0.4606.71 Safari/537.36"
184.162.204.40 - - [09/Oct/2021:01:25:11 +0000] "POST /graphql HTTP/1.1" 200 376 "http://marketplacebeta.centralus.cloudapp.azure.com/creators/@me" "Mozilla/5.0 (Windows NT 10.0; Win64; x64) AppleWebKit/537.36 (KHTML, like Gecko) Chrome/94.0.4606.71 Safari/537.36"
73.193.44.205 - - [09/Oct/2021:01:25:12 +0000] "POST /graphql HTTP/1.1" 200 6883 "http://marketplacebeta.centralus.cloudapp.azure.com/" "Mozilla/5.0 (Macintosh; Intel Mac OS X 10_15_7) AppleWebKit/537.36 (KHTML, like Gecko) Chrome/94.0.4606.71 Safari/537.36"
73.193.44.205 - - [09/Oct/2021:01:25:12 +0000] "POST /graphql HTTP/1.1" 200 6883 "http://marketplacebeta.centralus.cloudapp.azure.com/" "Mozilla/5.0 (Macintosh; Intel Mac OS X 10_15_7) AppleWebKit/537.36 (KHTML, like Gecko) Chrome/94.0.4606.71 Safari/537.36"
73.193.44.205 - - [09/Oct/2021:01:25:15 +0000] "POST /graphql HTTP/1.1" 200 6883 "http://marketplacebeta.centralus.cloudapp.azure.com/" "Mozilla/5.0 (Macintosh; Intel Mac OS X 10_15_7) AppleWebKit/537.36 (KHTML, like Gecko) Chrome/94.0.4606.71 Safari/537.36"
184.162.204.40 - - [09/Oct/2021:01:25:16 +0000] "POST /graphql HTTP/1.1" 200 376 "http://marketplacebeta.centralus.cloudapp.azure.com/creators/@me" "Mozilla/5.0 (Windows NT 10.0; Win64; x64) AppleWebKit/537.36 (KHTML, like Gecko) Chrome/94.0.4606.71 Safari/537.36"
184.162.204.40 - - [09/Oct/2021:01:25:16 +0000] "POST /graphql HTTP/1.1" 200 376 "http://marketplacebeta.centralus.cloudapp.azure.com/creators/@me" "Mozilla/5.0 (Windows NT 10.0; Win64; x64) AppleWebKit/537.36 (KHTML, like Gecko) Chrome/94.0.4606.71 Safari/537.36"
184.162.204.40 - - [09/Oct/2021:01:25:16 +0000] "POST /graphql HTTP/1.1" 200 376 "http://marketplacebeta.centralus.cloudapp.azure.com/creators/@me" "Mozilla/5.0 (Windows NT 10.0; Win64; x64) AppleWebKit/537.36 (KHTML, like Gecko) Chrome/94.0.4606.71 Safari/537.36"
184.162.204.40 - - [09/Oct/2021:01:25:16 +0000] "POST /graphql HTTP/1.1" 200 376 "http://marketplacebeta.centralus.cloudapp.azure.com/creators/@me" "Mozilla/5.0 (Windows NT 10.0; Win64; x64) AppleWebKit/537.36 (KHTML, like Gecko) Chrome/94.0.4606.71 Safari/537.36"
73.193.44.205 - - [09/Oct/2021:01:25:18 +0000] "POST /graphql HTTP/1.1" 200 6883 "http://marketplacebeta.centralus.cloudapp.azure.com/" "Mozilla/5.0 (Macintosh; Intel Mac OS X 10_15_7) AppleWebKit/537.36 (KHTML, like Gecko) Chrome/94.0.4606.71 Safari/537.36"
73.193.44.205 - - [09/Oct/2021:01:25:21 +0000] "POST /graphql HTTP/1.1" 200 6883 "http://marketplacebeta.centralus.cloudapp.azure.com/" "Mozilla/5.0 (Macintosh; Intel Mac OS X 10_15_7) AppleWebKit/537.36 (KHTML, like Gecko) Chrome/94.0.4606.71 Safari/537.36"
73.193.44.205 - - [09/Oct/2021:01:25:25 +0000] "POST /graphql HTTP/1.1" 200 6883 "http://marketplacebeta.centralus.cloudapp.azure.com/" "Mozilla/5.0 (Macintosh; Intel Mac OS X 10_15_7) AppleWebKit/537.36 (KHTML, like Gecko) Chrome/94.0.4606.71 Safari/537.36"
73.193.44.205 - - [09/Oct/2021:01:25:25 +0000] "POST /graphql HTTP/1.1" 200 6883 "http://marketplacebeta.centralus.cloudapp.azure.com/" "Mozilla/5.0 (Macintosh; Intel Mac OS X 10_15_7) AppleWebKit/537.36 (KHTML, like Gecko) Chrome/94.0.4606.71 Safari/537.36"
184.162.204.40 - - [09/Oct/2021:01:25:31 +0000] "POST /graphql HTTP/1.1" 200 376 "http://marketplacebeta.centralus.cloudapp.azure.com/creators/@me" "Mozilla/5.0 (Windows NT 10.0; Win64; x64) AppleWebKit/537.36 (KHTML, like Gecko) Chrome/94.0.4606.71 Safari/537.36"
184.162.204.40 - - [09/Oct/2021:01:25:31 +0000] "POST /graphql HTTP/1.1" 200 376 "http://marketplacebeta.centralus.cloudapp.azure.com/creators/@me" "Mozilla/5.0 (Windows NT 10.0; Win64; x64) AppleWebKit/537.36 (KHTML, like Gecko) Chrome/94.0.4606.71 Safari/537.36"
184.162.204.40 - - [09/Oct/2021:01:25:31 +0000] "POST /graphql HTTP/1.1" 200 376 "http://marketplacebeta.centralus.cloudapp.azure.com/creators/@me" "Mozilla/5.0 (Windows NT 10.0; Win64; x64) AppleWebKit/537.36 (KHTML, like Gecko) Chrome/94.0.4606.71 Safari/537.36"
184.162.204.40 - - [09/Oct/2021:01:25:31 +0000] "POST /graphql HTTP/1.1" 200 376 "http://marketplacebeta.centralus.cloudapp.azure.com/creators/@me" "Mozilla/5.0 (Windows NT 10.0; Win64; x64) AppleWebKit/537.36 (KHTML, like Gecko) Chrome/94.0.4606.71 Safari/537.36"
184.162.204.40 - - [09/Oct/2021:01:25:31 +0000] "POST /graphql HTTP/1.1" 200 376 "http://marketplacebeta.centralus.cloudapp.azure.com/creators/@me" "Mozilla/5.0 (Windows NT 10.0; Win64; x64) AppleWebKit/537.36 (KHTML, like Gecko) Chrome/94.0.4606.71 Safari/537.36"
184.162.204.40 - - [09/Oct/2021:01:25:31 +0000] "POST /graphql HTTP/1.1" 200 376 "http://marketplacebeta.centralus.cloudapp.azure.com/creators/@me" "Mozilla/5.0 (Windows NT 10.0; Win64; x64) AppleWebKit/537.36 (KHTML, like Gecko) Chrome/94.0.4606.71 Safari/537.36"
184.162.204.40 - - [09/Oct/2021:01:25:31 +0000] "POST /graphql HTTP/1.1" 200 376 "http://marketplacebeta.centralus.cloudapp.azure.com/creators/@me" "Mozilla/5.0 (Windows NT 10.0; Win64; x64) AppleWebKit/537.36 (KHTML, like Gecko) Chrome/94.0.4606.71 Safari/537.36"
184.162.204.40 - - [09/Oct/2021:01:25:31 +0000] "POST /graphql HTTP/1.1" 200 376 "http://marketplacebeta.centralus.cloudapp.azure.com/creators/@me" "Mozilla/5.0 (Windows NT 10.0; Win64; x64) AppleWebKit/537.36 (KHTML, like Gecko) Chrome/94.0.4606.71 Safari/537.36"
184.162.204.40 - - [09/Oct/2021:01:25:32 +0000] "POST /graphql HTTP/1.1" 200 376 "http://marketplacebeta.centralus.cloudapp.azure.com/creators/@me" "Mozilla/5.0 (Windows NT 10.0; Win64; x64) AppleWebKit/537.36 (KHTML, like Gecko) Chrome/94.0.4606.71 Safari/537.36"
184.162.204.40 - - [09/Oct/2021:01:25:32 +0000] "POST /graphql HTTP/1.1" 200 376 "http://marketplacebeta.centralus.cloudapp.azure.com/creators/@me" "Mozilla/5.0 (Windows NT 10.0; Win64; x64) AppleWebKit/537.36 (KHTML, like Gecko) Chrome/94.0.4606.71 Safari/537.36"
73.193.44.205 - - [09/Oct/2021:01:25:32 +0000] "POST /graphql HTTP/1.1" 200 6883 "http://marketplacebeta.centralus.cloudapp.azure.com/" "Mozilla/5.0 (Macintosh; Intel Mac OS X 10_15_7) AppleWebKit/537.36 (KHTML, like Gecko) Chrome/94.0.4606.71 Safari/537.36"
73.193.44.205 - - [09/Oct/2021:01:25:32 +0000] "POST /graphql HTTP/1.1" 200 6883 "http://marketplacebeta.centralus.cloudapp.azure.com/" "Mozilla/5.0 (Macintosh; Intel Mac OS X 10_15_7) AppleWebKit/537.36 (KHTML, like Gecko) Chrome/94.0.4606.71 Safari/537.36"
73.193.44.205 - - [09/Oct/2021:01:25:32 +0000] "GET /admin/auth/user/ HTTP/1.1" 200 2934 "http://marketplacebeta.centralus.cloudapp.azure.com/admin/auth/user/1/change/" "Mozilla/5.0 (Macintosh; Intel Mac OS X 10_15_7) AppleWebKit/537.36 (KHTML, like Gecko) Chrome/94.0.4606.71 Safari/537.36"
73.193.44.205 - - [09/Oct/2021:01:25:33 +0000] "GET /admin/jsi18n/ HTTP/1.1" 200 3325 "http://marketplacebeta.centralus.cloudapp.azure.com/admin/auth/user/" "Mozilla/5.0 (Macintosh; Intel Mac OS X 10_15_7) AppleWebKit/537.36 (KHTML, like Gecko) Chrome/94.0.4606.71 Safari/537.36"
73.193.44.205 - - [09/Oct/2021:01:25:35 +0000] "GET /admin/app/profile/ HTTP/1.1" 200 2726 "http://marketplacebeta.centralus.cloudapp.azure.com/admin/auth/user/" "Mozilla/5.0 (Macintosh; Intel Mac OS X 10_15_7) AppleWebKit/537.36 (KHTML, like Gecko) Chrome/94.0.4606.71 Safari/537.36"
73.193.44.205 - - [09/Oct/2021:01:25:35 +0000] "GET /admin/jsi18n/ HTTP/1.1" 200 3325 "http://marketplacebeta.centralus.cloudapp.azure.com/admin/app/profile/" "Mozilla/5.0 (Macintosh; Intel Mac OS X 10_15_7) AppleWebKit/537.36 (KHTML, like Gecko) Chrome/94.0.4606.71 Safari/537.36"
73.193.44.205 - - [09/Oct/2021:01:25:36 +0000] "POST /graphql HTTP/1.1" 200 6883 "http://marketplacebeta.centralus.cloudapp.azure.com/" "Mozilla/5.0 (Macintosh; Intel Mac OS X 10_15_7) AppleWebKit/537.36 (KHTML, like Gecko) Chrome/94.0.4606.71 Safari/537.36"
184.162.204.40 - - [09/Oct/2021:01:25:36 +0000] "POST /graphql HTTP/1.1" 200 376 "http://marketplacebeta.centralus.cloudapp.azure.com/creators/@me" "Mozilla/5.0 (Windows NT 10.0; Win64; x64) AppleWebKit/537.36 (KHTML, like Gecko) Chrome/94.0.4606.71 Safari/537.36"
184.162.204.40 - - [09/Oct/2021:01:25:36 +0000] "POST /graphql HTTP/1.1" 200 376 "http://marketplacebeta.centralus.cloudapp.azure.com/creators/@me" "Mozilla/5.0 (Windows NT 10.0; Win64; x64) AppleWebKit/537.36 (KHTML, like Gecko) Chrome/94.0.4606.71 Safari/537.36"
73.193.44.205 - - [09/Oct/2021:01:25:37 +0000] "GET /admin/app/profile/3/change/ HTTP/1.1" 200 3087 "http://marketplacebeta.centralus.cloudapp.azure.com/admin/app/profile/" "Mozilla/5.0 (Macintosh; Intel Mac OS X 10_15_7) AppleWebKit/537.36 (KHTML, like Gecko) Chrome/94.0.4606.71 Safari/537.36"
73.193.44.205 - - [09/Oct/2021:01:25:37 +0000] "GET /admin/jsi18n/ HTTP/1.1" 200 3325 "http://marketplacebeta.centralus.cloudapp.azure.com/admin/app/profile/3/change/" "Mozilla/5.0 (Macintosh; Intel Mac OS X 10_15_7) AppleWebKit/537.36 (KHTML, like Gecko) Chrome/94.0.4606.71 Safari/537.36"
73.193.44.205 - - [09/Oct/2021:01:25:38 +0000] "POST /graphql HTTP/1.1" 200 6883 "http://marketplacebeta.centralus.cloudapp.azure.com/" "Mozilla/5.0 (Macintosh; Intel Mac OS X 10_15_7) AppleWebKit/537.36 (KHTML, like Gecko) Chrome/94.0.4606.71 Safari/537.36"
73.193.44.205 - - [09/Oct/2021:01:25:41 +0000] "POST /graphql HTTP/1.1" 200 6883 "http://marketplacebeta.centralus.cloudapp.azure.com/" "Mozilla/5.0 (Macintosh; Intel Mac OS X 10_15_7) AppleWebKit/537.36 (KHTML, like Gecko) Chrome/94.0.4606.71 Safari/537.36"
73.193.44.205 - - [09/Oct/2021:01:25:44 +0000] "POST /admin/app/profile/3/change/ HTTP/1.1" 200 3198 "http://marketplacebeta.centralus.cloudapp.azure.com/admin/app/profile/3/change/" "Mozilla/5.0 (Macintosh; Intel Mac OS X 10_15_7) AppleWebKit/537.36 (KHTML, like Gecko) Chrome/94.0.4606.71 Safari/537.36"
73.193.44.205 - - [09/Oct/2021:01:25:44 +0000] "GET /admin/jsi18n/ HTTP/1.1" 200 3325 "http://marketplacebeta.centralus.cloudapp.azure.com/admin/app/profile/3/change/" "Mozilla/5.0 (Macintosh; Intel Mac OS X 10_15_7) AppleWebKit/537.36 (KHTML, like Gecko) Chrome/94.0.4606.71 Safari/537.36"
73.193.44.205 - - [09/Oct/2021:01:25:45 +0000] "POST /graphql HTTP/1.1" 200 6883 "http://marketplacebeta.centralus.cloudapp.azure.com/" "Mozilla/5.0 (Macintosh; Intel Mac OS X 10_15_7) AppleWebKit/537.36 (KHTML, like Gecko) Chrome/94.0.4606.71 Safari/537.36"
73.193.44.205 - - [09/Oct/2021:01:25:50 +0000] "POST /admin/app/profile/3/change/ HTTP/1.1" 302 0 "http://marketplacebeta.centralus.cloudapp.azure.com/admin/app/profile/3/change/" "Mozilla/5.0 (Macintosh; Intel Mac OS X 10_15_7) AppleWebKit/537.36 (KHTML, like Gecko) Chrome/94.0.4606.71 Safari/537.36"
73.193.44.205 - - [09/Oct/2021:01:25:50 +0000] "GET /admin/app/profile/ HTTP/1.1" 200 2795 "http://marketplacebeta.centralus.cloudapp.azure.com/admin/app/profile/3/change/" "Mozilla/5.0 (Macintosh; Intel Mac OS X 10_15_7) AppleWebKit/537.36 (KHTML, like Gecko) Chrome/94.0.4606.71 Safari/537.36"
73.193.44.205 - - [09/Oct/2021:01:25:50 +0000] "GET /admin/jsi18n/ HTTP/1.1" 200 3325 "http://marketplacebeta.centralus.cloudapp.azure.com/admin/app/profile/" "Mozilla/5.0 (Macintosh; Intel Mac OS X 10_15_7) AppleWebKit/537.36 (KHTML, like Gecko) Chrome/94.0.4606.71 Safari/537.36"
184.162.204.40 - - [09/Oct/2021:01:25:51 +0000] "POST /graphql HTTP/1.1" 200 377 "http://marketplacebeta.centralus.cloudapp.azure.com/creators/@me" "Mozilla/5.0 (Windows NT 10.0; Win64; x64) AppleWebKit/537.36 (KHTML, like Gecko) Chrome/94.0.4606.71 Safari/537.36"
184.162.204.40 - - [09/Oct/2021:01:25:51 +0000] "POST /graphql HTTP/1.1" 200 377 "http://marketplacebeta.centralus.cloudapp.azure.com/creators/@me" "Mozilla/5.0 (Windows NT 10.0; Win64; x64) AppleWebKit/537.36 (KHTML, like Gecko) Chrome/94.0.4606.71 Safari/537.36"
184.162.204.40 - - [09/Oct/2021:01:25:51 +0000] "POST /graphql HTTP/1.1" 200 377 "http://marketplacebeta.centralus.cloudapp.azure.com/creators/@me" "Mozilla/5.0 (Windows NT 10.0; Win64; x64) AppleWebKit/537.36 (KHTML, like Gecko) Chrome/94.0.4606.71 Safari/537.36"
184.162.204.40 - - [09/Oct/2021:01:25:51 +0000] "POST /graphql HTTP/1.1" 200 377 "http://marketplacebeta.centralus.cloudapp.azure.com/creators/@me" "Mozilla/5.0 (Windows NT 10.0; Win64; x64) AppleWebKit/537.36 (KHTML, like Gecko) Chrome/94.0.4606.71 Safari/537.36"
184.162.204.40 - - [09/Oct/2021:01:25:51 +0000] "POST /graphql HTTP/1.1" 200 377 "http://marketplacebeta.centralus.cloudapp.azure.com/creators/@me" "Mozilla/5.0 (Windows NT 10.0; Win64; x64) AppleWebKit/537.36 (KHTML, like Gecko) Chrome/94.0.4606.71 Safari/537.36"
184.162.204.40 - - [09/Oct/2021:01:25:51 +0000] "POST /graphql HTTP/1.1" 200 377 "http://marketplacebeta.centralus.cloudapp.azure.com/creators/@me" "Mozilla/5.0 (Windows NT 10.0; Win64; x64) AppleWebKit/537.36 (KHTML, like Gecko) Chrome/94.0.4606.71 Safari/537.36"
184.162.204.40 - - [09/Oct/2021:01:25:51 +0000] "POST /graphql HTTP/1.1" 200 377 "http://marketplacebeta.centralus.cloudapp.azure.com/creators/@me" "Mozilla/5.0 (Windows NT 10.0; Win64; x64) AppleWebKit/537.36 (KHTML, like Gecko) Chrome/94.0.4606.71 Safari/537.36"
184.162.204.40 - - [09/Oct/2021:01:25:51 +0000] "GET /verify.c39ff219.svg HTTP/1.1" 200 3528 "http://marketplacebeta.centralus.cloudapp.azure.com/creators/@me" "Mozilla/5.0 (Windows NT 10.0; Win64; x64) AppleWebKit/537.36 (KHTML, like Gecko) Chrome/94.0.4606.71 Safari/537.36"
184.162.204.40 - - [09/Oct/2021:01:25:51 +0000] "POST /graphql HTTP/1.1" 200 377 "http://marketplacebeta.centralus.cloudapp.azure.com/creators/@me" "Mozilla/5.0 (Windows NT 10.0; Win64; x64) AppleWebKit/537.36 (KHTML, like Gecko) Chrome/94.0.4606.71 Safari/537.36"
184.162.204.40 - - [09/Oct/2021:01:25:51 +0000] "POST /graphql HTTP/1.1" 200 377 "http://marketplacebeta.centralus.cloudapp.azure.com/creators/@me" "Mozilla/5.0 (Windows NT 10.0; Win64; x64) AppleWebKit/537.36 (KHTML, like Gecko) Chrome/94.0.4606.71 Safari/537.36"
184.162.204.40 - - [09/Oct/2021:01:25:51 +0000] "POST /graphql HTTP/1.1" 200 377 "http://marketplacebeta.centralus.cloudapp.azure.com/creators/@me" "Mozilla/5.0 (Windows NT 10.0; Win64; x64) AppleWebKit/537.36 (KHTML, like Gecko) Chrome/94.0.4606.71 Safari/537.36"
73.193.44.205 - - [09/Oct/2021:01:25:53 +0000] "POST /graphql HTTP/1.1" 200 6883 "http://marketplacebeta.centralus.cloudapp.azure.com/" "Mozilla/5.0 (Macintosh; Intel Mac OS X 10_15_7) AppleWebKit/537.36 (KHTML, like Gecko) Chrome/94.0.4606.71 Safari/537.36"
73.193.44.205 - - [09/Oct/2021:01:25:53 +0000] "POST /graphql HTTP/1.1" 200 6883 "http://marketplacebeta.centralus.cloudapp.azure.com/" "Mozilla/5.0 (Macintosh; Intel Mac OS X 10_15_7) AppleWebKit/537.36 (KHTML, like Gecko) Chrome/94.0.4606.71 Safari/537.36"
73.193.44.205 - - [09/Oct/2021:01:25:53 +0000] "POST /graphql HTTP/1.1" 200 6883 "http://marketplacebeta.centralus.cloudapp.azure.com/" "Mozilla/5.0 (Macintosh; Intel Mac OS X 10_15_7) AppleWebKit/537.36 (KHTML, like Gecko) Chrome/94.0.4606.71 Safari/537.36"
73.193.44.205 - - [09/Oct/2021:01:25:56 +0000] "POST /graphql HTTP/1.1" 200 6883 "http://marketplacebeta.centralus.cloudapp.azure.com/" "Mozilla/5.0 (Macintosh; Intel Mac OS X 10_15_7) AppleWebKit/537.36 (KHTML, like Gecko) Chrome/94.0.4606.71 Safari/537.36"
184.162.204.40 - - [09/Oct/2021:01:25:57 +0000] "POST /graphql HTTP/1.1" 200 377 "http://marketplacebeta.centralus.cloudapp.azure.com/creators/@me" "Mozilla/5.0 (Windows NT 10.0; Win64; x64) AppleWebKit/537.36 (KHTML, like Gecko) Chrome/94.0.4606.71 Safari/537.36"
184.162.204.40 - - [09/Oct/2021:01:25:57 +0000] "POST /graphql HTTP/1.1" 200 377 "http://marketplacebeta.centralus.cloudapp.azure.com/creators/@me" "Mozilla/5.0 (Windows NT 10.0; Win64; x64) AppleWebKit/537.36 (KHTML, like Gecko) Chrome/94.0.4606.71 Safari/537.36"
184.162.204.40 - - [09/Oct/2021:01:25:57 +0000] "POST /graphql HTTP/1.1" 200 377 "http://marketplacebeta.centralus.cloudapp.azure.com/creators/@me" "Mozilla/5.0 (Windows NT 10.0; Win64; x64) AppleWebKit/537.36 (KHTML, like Gecko) Chrome/94.0.4606.71 Safari/537.36"
184.162.204.40 - - [09/Oct/2021:01:25:57 +0000] "POST /graphql HTTP/1.1" 200 377 "http://marketplacebeta.centralus.cloudapp.azure.com/creators/@me" "Mozilla/5.0 (Windows NT 10.0; Win64; x64) AppleWebKit/537.36 (KHTML, like Gecko) Chrome/94.0.4606.71 Safari/537.36"
73.193.44.205 - - [09/Oct/2021:01:25:58 +0000] "POST /graphql HTTP/1.1" 200 6883 "http://marketplacebeta.centralus.cloudapp.azure.com/" "Mozilla/5.0 (Macintosh; Intel Mac OS X 10_15_7) AppleWebKit/537.36 (KHTML, like Gecko) Chrome/94.0.4606.71 Safari/537.36"
73.193.44.205 - - [09/Oct/2021:01:26:01 +0000] "POST /graphql HTTP/1.1" 200 6883 "http://marketplacebeta.centralus.cloudapp.azure.com/" "Mozilla/5.0 (Macintosh; Intel Mac OS X 10_15_7) AppleWebKit/537.36 (KHTML, like Gecko) Chrome/94.0.4606.71 Safari/537.36"
73.193.44.205 - - [09/Oct/2021:01:26:05 +0000] "POST /graphql HTTP/1.1" 200 6883 "http://marketplacebeta.centralus.cloudapp.azure.com/" "Mozilla/5.0 (Macintosh; Intel Mac OS X 10_15_7) AppleWebKit/537.36 (KHTML, like Gecko) Chrome/94.0.4606.71 Safari/537.36"
184.162.204.40 - - [09/Oct/2021:01:26:11 +0000] "POST /graphql HTTP/1.1" 200 377 "http://marketplacebeta.centralus.cloudapp.azure.com/creators/@me" "Mozilla/5.0 (Windows NT 10.0; Win64; x64) AppleWebKit/537.36 (KHTML, like Gecko) Chrome/94.0.4606.71 Safari/537.36"
184.162.204.40 - - [09/Oct/2021:01:26:11 +0000] "POST /graphql HTTP/1.1" 200 377 "http://marketplacebeta.centralus.cloudapp.azure.com/creators/@me" "Mozilla/5.0 (Windows NT 10.0; Win64; x64) AppleWebKit/537.36 (KHTML, like Gecko) Chrome/94.0.4606.71 Safari/537.36"
184.162.204.40 - - [09/Oct/2021:01:26:11 +0000] "POST /graphql HTTP/1.1" 200 377 "http://marketplacebeta.centralus.cloudapp.azure.com/creators/@me" "Mozilla/5.0 (Windows NT 10.0; Win64; x64) AppleWebKit/537.36 (KHTML, like Gecko) Chrome/94.0.4606.71 Safari/537.36"
184.162.204.40 - - [09/Oct/2021:01:26:11 +0000] "POST /graphql HTTP/1.1" 200 377 "http://marketplacebeta.centralus.cloudapp.azure.com/creators/@me" "Mozilla/5.0 (Windows NT 10.0; Win64; x64) AppleWebKit/537.36 (KHTML, like Gecko) Chrome/94.0.4606.71 Safari/537.36"
184.162.204.40 - - [09/Oct/2021:01:26:11 +0000] "POST /graphql HTTP/1.1" 200 377 "http://marketplacebeta.centralus.cloudapp.azure.com/creators/@me" "Mozilla/5.0 (Windows NT 10.0; Win64; x64) AppleWebKit/537.36 (KHTML, like Gecko) Chrome/94.0.4606.71 Safari/537.36"
184.162.204.40 - - [09/Oct/2021:01:26:11 +0000] "POST /graphql HTTP/1.1" 200 377 "http://marketplacebeta.centralus.cloudapp.azure.com/creators/@me" "Mozilla/5.0 (Windows NT 10.0; Win64; x64) AppleWebKit/537.36 (KHTML, like Gecko) Chrome/94.0.4606.71 Safari/537.36"
184.162.204.40 - - [09/Oct/2021:01:26:11 +0000] "POST /graphql HTTP/1.1" 200 377 "http://marketplacebeta.centralus.cloudapp.azure.com/creators/@me" "Mozilla/5.0 (Windows NT 10.0; Win64; x64) AppleWebKit/537.36 (KHTML, like Gecko) Chrome/94.0.4606.71 Safari/537.36"
184.162.204.40 - - [09/Oct/2021:01:26:11 +0000] "POST /graphql HTTP/1.1" 200 377 "http://marketplacebeta.centralus.cloudapp.azure.com/creators/@me" "Mozilla/5.0 (Windows NT 10.0; Win64; x64) AppleWebKit/537.36 (KHTML, like Gecko) Chrome/94.0.4606.71 Safari/537.36"
184.162.204.40 - - [09/Oct/2021:01:26:11 +0000] "POST /graphql HTTP/1.1" 200 377 "http://marketplacebeta.centralus.cloudapp.azure.com/creators/@me" "Mozilla/5.0 (Windows NT 10.0; Win64; x64) AppleWebKit/537.36 (KHTML, like Gecko) Chrome/94.0.4606.71 Safari/537.36"
184.162.204.40 - - [09/Oct/2021:01:26:11 +0000] "POST /graphql HTTP/1.1" 200 377 "http://marketplacebeta.centralus.cloudapp.azure.com/creators/@me" "Mozilla/5.0 (Windows NT 10.0; Win64; x64) AppleWebKit/537.36 (KHTML, like Gecko) Chrome/94.0.4606.71 Safari/537.36"
73.193.44.205 - - [09/Oct/2021:01:26:13 +0000] "POST /graphql HTTP/1.1" 200 6883 "http://marketplacebeta.centralus.cloudapp.azure.com/" "Mozilla/5.0 (Macintosh; Intel Mac OS X 10_15_7) AppleWebKit/537.36 (KHTML, like Gecko) Chrome/94.0.4606.71 Safari/537.36"
73.193.44.205 - - [09/Oct/2021:01:26:13 +0000] "POST /graphql HTTP/1.1" 200 6883 "http://marketplacebeta.centralus.cloudapp.azure.com/" "Mozilla/5.0 (Macintosh; Intel Mac OS X 10_15_7) AppleWebKit/537.36 (KHTML, like Gecko) Chrome/94.0.4606.71 Safari/537.36"
73.193.44.205 - - [09/Oct/2021:01:26:16 +0000] "POST /graphql HTTP/1.1" 200 6883 "http://marketplacebeta.centralus.cloudapp.azure.com/" "Mozilla/5.0 (Macintosh; Intel Mac OS X 10_15_7) AppleWebKit/537.36 (KHTML, like Gecko) Chrome/94.0.4606.71 Safari/537.36"
184.162.204.40 - - [09/Oct/2021:01:26:17 +0000] "POST /graphql HTTP/1.1" 200 377 "http://marketplacebeta.centralus.cloudapp.azure.com/creators/@me" "Mozilla/5.0 (Windows NT 10.0; Win64; x64) AppleWebKit/537.36 (KHTML, like Gecko) Chrome/94.0.4606.71 Safari/537.36"
184.162.204.40 - - [09/Oct/2021:01:26:17 +0000] "POST /graphql HTTP/1.1" 200 377 "http://marketplacebeta.centralus.cloudapp.azure.com/creators/@me" "Mozilla/5.0 (Windows NT 10.0; Win64; x64) AppleWebKit/537.36 (KHTML, like Gecko) Chrome/94.0.4606.71 Safari/537.36"
184.162.204.40 - - [09/Oct/2021:01:26:17 +0000] "POST /graphql HTTP/1.1" 200 377 "http://marketplacebeta.centralus.cloudapp.azure.com/creators/@me" "Mozilla/5.0 (Windows NT 10.0; Win64; x64) AppleWebKit/537.36 (KHTML, like Gecko) Chrome/94.0.4606.71 Safari/537.36"
184.162.204.40 - - [09/Oct/2021:01:26:17 +0000] "POST /graphql HTTP/1.1" 200 377 "http://marketplacebeta.centralus.cloudapp.azure.com/creators/@me" "Mozilla/5.0 (Windows NT 10.0; Win64; x64) AppleWebKit/537.36 (KHTML, like Gecko) Chrome/94.0.4606.71 Safari/537.36"
73.193.44.205 - - [09/Oct/2021:01:26:18 +0000] "POST /graphql HTTP/1.1" 200 6883 "http://marketplacebeta.centralus.cloudapp.azure.com/" "Mozilla/5.0 (Macintosh; Intel Mac OS X 10_15_7) AppleWebKit/537.36 (KHTML, like Gecko) Chrome/94.0.4606.71 Safari/537.36"
73.193.44.205 - - [09/Oct/2021:01:26:21 +0000] "POST /graphql HTTP/1.1" 200 6883 "http://marketplacebeta.centralus.cloudapp.azure.com/" "Mozilla/5.0 (Macintosh; Intel Mac OS X 10_15_7) AppleWebKit/537.36 (KHTML, like Gecko) Chrome/94.0.4606.71 Safari/537.36"
73.193.44.205 - - [09/Oct/2021:01:26:25 +0000] "POST /graphql HTTP/1.1" 200 6883 "http://marketplacebeta.centralus.cloudapp.azure.com/" "Mozilla/5.0 (Macintosh; Intel Mac OS X 10_15_7) AppleWebKit/537.36 (KHTML, like Gecko) Chrome/94.0.4606.71 Safari/537.36"
73.193.44.205 - - [09/Oct/2021:01:26:25 +0000] "POST /graphql HTTP/1.1" 200 6883 "http://marketplacebeta.centralus.cloudapp.azure.com/" "Mozilla/5.0 (Macintosh; Intel Mac OS X 10_15_7) AppleWebKit/537.36 (KHTML, like Gecko) Chrome/94.0.4606.71 Safari/537.36"
184.162.204.40 - - [09/Oct/2021:01:26:31 +0000] "POST /graphql HTTP/1.1" 200 377 "http://marketplacebeta.centralus.cloudapp.azure.com/creators/@me" "Mozilla/5.0 (Windows NT 10.0; Win64; x64) AppleWebKit/537.36 (KHTML, like Gecko) Chrome/94.0.4606.71 Safari/537.36"
184.162.204.40 - - [09/Oct/2021:01:26:31 +0000] "POST /graphql HTTP/1.1" 200 377 "http://marketplacebeta.centralus.cloudapp.azure.com/creators/@me" "Mozilla/5.0 (Windows NT 10.0; Win64; x64) AppleWebKit/537.36 (KHTML, like Gecko) Chrome/94.0.4606.71 Safari/537.36"
184.162.204.40 - - [09/Oct/2021:01:26:31 +0000] "POST /graphql HTTP/1.1" 200 377 "http://marketplacebeta.centralus.cloudapp.azure.com/creators/@me" "Mozilla/5.0 (Windows NT 10.0; Win64; x64) AppleWebKit/537.36 (KHTML, like Gecko) Chrome/94.0.4606.71 Safari/537.36"
184.162.204.40 - - [09/Oct/2021:01:26:31 +0000] "POST /graphql HTTP/1.1" 200 377 "http://marketplacebeta.centralus.cloudapp.azure.com/creators/@me" "Mozilla/5.0 (Windows NT 10.0; Win64; x64) AppleWebKit/537.36 (KHTML, like Gecko) Chrome/94.0.4606.71 Safari/537.36"
184.162.204.40 - - [09/Oct/2021:01:26:31 +0000] "POST /graphql HTTP/1.1" 200 377 "http://marketplacebeta.centralus.cloudapp.azure.com/creators/@me" "Mozilla/5.0 (Windows NT 10.0; Win64; x64) AppleWebKit/537.36 (KHTML, like Gecko) Chrome/94.0.4606.71 Safari/537.36"
184.162.204.40 - - [09/Oct/2021:01:26:31 +0000] "POST /graphql HTTP/1.1" 200 377 "http://marketplacebeta.centralus.cloudapp.azure.com/creators/@me" "Mozilla/5.0 (Windows NT 10.0; Win64; x64) AppleWebKit/537.36 (KHTML, like Gecko) Chrome/94.0.4606.71 Safari/537.36"
184.162.204.40 - - [09/Oct/2021:01:26:31 +0000] "POST /graphql HTTP/1.1" 200 377 "http://marketplacebeta.centralus.cloudapp.azure.com/creators/@me" "Mozilla/5.0 (Windows NT 10.0; Win64; x64) AppleWebKit/537.36 (KHTML, like Gecko) Chrome/94.0.4606.71 Safari/537.36"
184.162.204.40 - - [09/Oct/2021:01:26:31 +0000] "POST /graphql HTTP/1.1" 200 377 "http://marketplacebeta.centralus.cloudapp.azure.com/creators/@me" "Mozilla/5.0 (Windows NT 10.0; Win64; x64) AppleWebKit/537.36 (KHTML, like Gecko) Chrome/94.0.4606.71 Safari/537.36"
184.162.204.40 - - [09/Oct/2021:01:26:31 +0000] "POST /graphql HTTP/1.1" 200 377 "http://marketplacebeta.centralus.cloudapp.azure.com/creators/@me" "Mozilla/5.0 (Windows NT 10.0; Win64; x64) AppleWebKit/537.36 (KHTML, like Gecko) Chrome/94.0.4606.71 Safari/537.36"
184.162.204.40 - - [09/Oct/2021:01:26:31 +0000] "POST /graphql HTTP/1.1" 200 377 "http://marketplacebeta.centralus.cloudapp.azure.com/creators/@me" "Mozilla/5.0 (Windows NT 10.0; Win64; x64) AppleWebKit/537.36 (KHTML, like Gecko) Chrome/94.0.4606.71 Safari/537.36"
73.193.44.205 - - [09/Oct/2021:01:26:33 +0000] "POST /graphql HTTP/1.1" 200 6883 "http://marketplacebeta.centralus.cloudapp.azure.com/" "Mozilla/5.0 (Macintosh; Intel Mac OS X 10_15_7) AppleWebKit/537.36 (KHTML, like Gecko) Chrome/94.0.4606.71 Safari/537.36"
73.193.44.205 - - [09/Oct/2021:01:26:33 +0000] "POST /graphql HTTP/1.1" 200 6883 "http://marketplacebeta.centralus.cloudapp.azure.com/" "Mozilla/5.0 (Macintosh; Intel Mac OS X 10_15_7) AppleWebKit/537.36 (KHTML, like Gecko) Chrome/94.0.4606.71 Safari/537.36"
73.193.44.205 - - [09/Oct/2021:01:26:36 +0000] "POST /graphql HTTP/1.1" 200 6883 "http://marketplacebeta.centralus.cloudapp.azure.com/" "Mozilla/5.0 (Macintosh; Intel Mac OS X 10_15_7) AppleWebKit/537.36 (KHTML, like Gecko) Chrome/94.0.4606.71 Safari/537.36"
184.162.204.40 - - [09/Oct/2021:01:26:37 +0000] "POST /graphql HTTP/1.1" 200 377 "http://marketplacebeta.centralus.cloudapp.azure.com/creators/@me" "Mozilla/5.0 (Windows NT 10.0; Win64; x64) AppleWebKit/537.36 (KHTML, like Gecko) Chrome/94.0.4606.71 Safari/537.36"
184.162.204.40 - - [09/Oct/2021:01:26:37 +0000] "POST /graphql HTTP/1.1" 200 377 "http://marketplacebeta.centralus.cloudapp.azure.com/creators/@me" "Mozilla/5.0 (Windows NT 10.0; Win64; x64) AppleWebKit/537.36 (KHTML, like Gecko) Chrome/94.0.4606.71 Safari/537.36"
73.193.44.205 - - [09/Oct/2021:01:26:39 +0000] "POST /graphql HTTP/1.1" 200 6883 "http://marketplacebeta.centralus.cloudapp.azure.com/" "Mozilla/5.0 (Macintosh; Intel Mac OS X 10_15_7) AppleWebKit/537.36 (KHTML, like Gecko) Chrome/94.0.4606.71 Safari/537.36"
73.217.215.97 - - [09/Oct/2021:01:26:39 +0000] "GET /admin HTTP/1.1" 301 0 "-" "Mozilla/5.0 (iPhone; CPU iPhone OS 14_8 like Mac OS X) AppleWebKit/605.1.15 (KHTML, like Gecko) Version/14.1.2 Mobile/15E148 Safari/604.1"
73.217.215.97 - - [09/Oct/2021:01:26:39 +0000] "GET /admin/ HTTP/1.1" 302 0 "-" "Mozilla/5.0 (iPhone; CPU iPhone OS 14_8 like Mac OS X) AppleWebKit/605.1.15 (KHTML, like Gecko) Version/14.1.2 Mobile/15E148 Safari/604.1"
73.217.215.97 - - [09/Oct/2021:01:26:39 +0000] "GET /admin/login/?next=/admin/ HTTP/1.1" 200 1005 "-" "Mozilla/5.0 (iPhone; CPU iPhone OS 14_8 like Mac OS X) AppleWebKit/605.1.15 (KHTML, like Gecko) Version/14.1.2 Mobile/15E148 Safari/604.1"
73.217.215.97 - - [09/Oct/2021:01:26:39 +0000] "GET /static/admin/css/base.6a6f444c2645.css HTTP/1.1" 200 19217 "http://marketplacebeta.centralus.cloudapp.azure.com/admin/login/?next=/admin/" "Mozilla/5.0 (iPhone; CPU iPhone OS 14_8 like Mac OS X) AppleWebKit/605.1.15 (KHTML, like Gecko) Version/14.1.2 Mobile/15E148 Safari/604.1"
73.217.215.97 - - [09/Oct/2021:01:26:39 +0000] "GET /static/admin/css/nav_sidebar.0fd434145f4d.css HTTP/1.1" 200 2271 "http://marketplacebeta.centralus.cloudapp.azure.com/admin/login/?next=/admin/" "Mozilla/5.0 (iPhone; CPU iPhone OS 14_8 like Mac OS X) AppleWebKit/605.1.15 (KHTML, like Gecko) Version/14.1.2 Mobile/15E148 Safari/604.1"
73.217.215.97 - - [09/Oct/2021:01:26:39 +0000] "GET /static/admin/js/nav_sidebar.7605597ddf52.js HTTP/1.1" 200 1360 "http://marketplacebeta.centralus.cloudapp.azure.com/admin/login/?next=/admin/" "Mozilla/5.0 (iPhone; CPU iPhone OS 14_8 like Mac OS X) AppleWebKit/605.1.15 (KHTML, like Gecko) Version/14.1.2 Mobile/15E148 Safari/604.1"
73.217.215.97 - - [09/Oct/2021:01:26:39 +0000] "GET /static/admin/css/responsive.b128bdf0edef.css HTTP/1.1" 200 18545 "http://marketplacebeta.centralus.cloudapp.azure.com/admin/login/?next=/admin/" "Mozilla/5.0 (iPhone; CPU iPhone OS 14_8 like Mac OS X) AppleWebKit/605.1.15 (KHTML, like Gecko) Version/14.1.2 Mobile/15E148 Safari/604.1"
73.217.215.97 - - [09/Oct/2021:01:26:39 +0000] "GET /static/admin/css/login.c35adf41bb6e.css HTTP/1.1" 200 939 "http://marketplacebeta.centralus.cloudapp.azure.com/admin/login/?next=/admin/" "Mozilla/5.0 (iPhone; CPU iPhone OS 14_8 like Mac OS X) AppleWebKit/605.1.15 (KHTML, like Gecko) Version/14.1.2 Mobile/15E148 Safari/604.1"
73.193.44.205 - - [09/Oct/2021:01:26:41 +0000] "POST /graphql HTTP/1.1" 200 6883 "http://marketplacebeta.centralus.cloudapp.azure.com/" "Mozilla/5.0 (Macintosh; Intel Mac OS X 10_15_7) AppleWebKit/537.36 (KHTML, like Gecko) Chrome/94.0.4606.71 Safari/537.36"
73.193.44.205 - - [09/Oct/2021:01:26:45 +0000] "POST /graphql HTTP/1.1" 200 6883 "http://marketplacebeta.centralus.cloudapp.azure.com/" "Mozilla/5.0 (Macintosh; Intel Mac OS X 10_15_7) AppleWebKit/537.36 (KHTML, like Gecko) Chrome/94.0.4606.71 Safari/537.36"
184.162.204.40 - - [09/Oct/2021:01:26:51 +0000] "POST /graphql HTTP/1.1" 200 377 "http://marketplacebeta.centralus.cloudapp.azure.com/creators/@me" "Mozilla/5.0 (Windows NT 10.0; Win64; x64) AppleWebKit/537.36 (KHTML, like Gecko) Chrome/94.0.4606.71 Safari/537.36"
184.162.204.40 - - [09/Oct/2021:01:26:51 +0000] "POST /graphql HTTP/1.1" 200 377 "http://marketplacebeta.centralus.cloudapp.azure.com/creators/@me" "Mozilla/5.0 (Windows NT 10.0; Win64; x64) AppleWebKit/537.36 (KHTML, like Gecko) Chrome/94.0.4606.71 Safari/537.36"
184.162.204.40 - - [09/Oct/2021:01:26:51 +0000] "POST /graphql HTTP/1.1" 200 377 "http://marketplacebeta.centralus.cloudapp.azure.com/creators/@me" "Mozilla/5.0 (Windows NT 10.0; Win64; x64) AppleWebKit/537.36 (KHTML, like Gecko) Chrome/94.0.4606.71 Safari/537.36"
184.162.204.40 - - [09/Oct/2021:01:26:51 +0000] "POST /graphql HTTP/1.1" 200 377 "http://marketplacebeta.centralus.cloudapp.azure.com/creators/@me" "Mozilla/5.0 (Windows NT 10.0; Win64; x64) AppleWebKit/537.36 (KHTML, like Gecko) Chrome/94.0.4606.71 Safari/537.36"
184.162.204.40 - - [09/Oct/2021:01:26:51 +0000] "POST /graphql HTTP/1.1" 200 377 "http://marketplacebeta.centralus.cloudapp.azure.com/creators/@me" "Mozilla/5.0 (Windows NT 10.0; Win64; x64) AppleWebKit/537.36 (KHTML, like Gecko) Chrome/94.0.4606.71 Safari/537.36"
184.162.204.40 - - [09/Oct/2021:01:26:51 +0000] "POST /graphql HTTP/1.1" 200 377 "http://marketplacebeta.centralus.cloudapp.azure.com/creators/@me" "Mozilla/5.0 (Windows NT 10.0; Win64; x64) AppleWebKit/537.36 (KHTML, like Gecko) Chrome/94.0.4606.71 Safari/537.36"
184.162.204.40 - - [09/Oct/2021:01:26:51 +0000] "POST /graphql HTTP/1.1" 200 377 "http://marketplacebeta.centralus.cloudapp.azure.com/creators/@me" "Mozilla/5.0 (Windows NT 10.0; Win64; x64) AppleWebKit/537.36 (KHTML, like Gecko) Chrome/94.0.4606.71 Safari/537.36"
184.162.204.40 - - [09/Oct/2021:01:26:51 +0000] "POST /graphql HTTP/1.1" 200 377 "http://marketplacebeta.centralus.cloudapp.azure.com/creators/@me" "Mozilla/5.0 (Windows NT 10.0; Win64; x64) AppleWebKit/537.36 (KHTML, like Gecko) Chrome/94.0.4606.71 Safari/537.36"
184.162.204.40 - - [09/Oct/2021:01:26:51 +0000] "POST /graphql HTTP/1.1" 200 377 "http://marketplacebeta.centralus.cloudapp.azure.com/creators/@me" "Mozilla/5.0 (Windows NT 10.0; Win64; x64) AppleWebKit/537.36 (KHTML, like Gecko) Chrome/94.0.4606.71 Safari/537.36"
184.162.204.40 - - [09/Oct/2021:01:26:51 +0000] "POST /graphql HTTP/1.1" 200 377 "http://marketplacebeta.centralus.cloudapp.azure.com/creators/@me" "Mozilla/5.0 (Windows NT 10.0; Win64; x64) AppleWebKit/537.36 (KHTML, like Gecko) Chrome/94.0.4606.71 Safari/537.36"
73.193.44.205 - - [09/Oct/2021:01:26:53 +0000] "POST /graphql HTTP/1.1" 200 6883 "http://marketplacebeta.centralus.cloudapp.azure.com/" "Mozilla/5.0 (Macintosh; Intel Mac OS X 10_15_7) AppleWebKit/537.36 (KHTML, like Gecko) Chrome/94.0.4606.71 Safari/537.36"
73.193.44.205 - - [09/Oct/2021:01:26:53 +0000] "POST /graphql HTTP/1.1" 200 6883 "http://marketplacebeta.centralus.cloudapp.azure.com/" "Mozilla/5.0 (Macintosh; Intel Mac OS X 10_15_7) AppleWebKit/537.36 (KHTML, like Gecko) Chrome/94.0.4606.71 Safari/537.36"
73.193.44.205 - - [09/Oct/2021:01:26:53 +0000] "POST /graphql HTTP/1.1" 200 6883 "http://marketplacebeta.centralus.cloudapp.azure.com/" "Mozilla/5.0 (Macintosh; Intel Mac OS X 10_15_7) AppleWebKit/537.36 (KHTML, like Gecko) Chrome/94.0.4606.71 Safari/537.36"
73.193.44.205 - - [09/Oct/2021:01:26:56 +0000] "POST /graphql HTTP/1.1" 200 6883 "http://marketplacebeta.centralus.cloudapp.azure.com/" "Mozilla/5.0 (Macintosh; Intel Mac OS X 10_15_7) AppleWebKit/537.36 (KHTML, like Gecko) Chrome/94.0.4606.71 Safari/537.36"
184.162.204.40 - - [09/Oct/2021:01:26:57 +0000] "POST /graphql HTTP/1.1" 200 377 "http://marketplacebeta.centralus.cloudapp.azure.com/creators/@me" "Mozilla/5.0 (Windows NT 10.0; Win64; x64) AppleWebKit/537.36 (KHTML, like Gecko) Chrome/94.0.4606.71 Safari/537.36"
184.162.204.40 - - [09/Oct/2021:01:26:57 +0000] "POST /graphql HTTP/1.1" 200 377 "http://marketplacebeta.centralus.cloudapp.azure.com/creators/@me" "Mozilla/5.0 (Windows NT 10.0; Win64; x64) AppleWebKit/537.36 (KHTML, like Gecko) Chrome/94.0.4606.71 Safari/537.36"
184.162.204.40 - - [09/Oct/2021:01:26:57 +0000] "POST /graphql HTTP/1.1" 200 377 "http://marketplacebeta.centralus.cloudapp.azure.com/creators/@me" "Mozilla/5.0 (Windows NT 10.0; Win64; x64) AppleWebKit/537.36 (KHTML, like Gecko) Chrome/94.0.4606.71 Safari/537.36"
184.162.204.40 - - [09/Oct/2021:01:26:57 +0000] "POST /graphql HTTP/1.1" 200 377 "http://marketplacebeta.centralus.cloudapp.azure.com/creators/@me" "Mozilla/5.0 (Windows NT 10.0; Win64; x64) AppleWebKit/537.36 (KHTML, like Gecko) Chrome/94.0.4606.71 Safari/537.36"
73.193.44.205 - - [09/Oct/2021:01:26:59 +0000] "POST /graphql HTTP/1.1" 200 6883 "http://marketplacebeta.centralus.cloudapp.azure.com/" "Mozilla/5.0 (Macintosh; Intel Mac OS X 10_15_7) AppleWebKit/537.36 (KHTML, like Gecko) Chrome/94.0.4606.71 Safari/537.36"
73.193.44.205 - - [09/Oct/2021:01:27:02 +0000] "POST /graphql HTTP/1.1" 200 6883 "http://marketplacebeta.centralus.cloudapp.azure.com/" "Mozilla/5.0 (Macintosh; Intel Mac OS X 10_15_7) AppleWebKit/537.36 (KHTML, like Gecko) Chrome/94.0.4606.71 Safari/537.36"
73.217.215.97 - - [09/Oct/2021:01:27:03 +0000] "GET /admin/ HTTP/1.1" 302 0 "-" "Mozilla/5.0 (iPhone; CPU iPhone OS 14_8 like Mac OS X) AppleWebKit/605.1.15 (KHTML, like Gecko) Version/14.1.2 Mobile/15E148 Safari/604.1"
73.217.215.97 - - [09/Oct/2021:01:27:03 +0000] "GET /admin/login/?next=/admin/ HTTP/1.1" 200 1011 "-" "Mozilla/5.0 (iPhone; CPU iPhone OS 14_8 like Mac OS X) AppleWebKit/605.1.15 (KHTML, like Gecko) Version/14.1.2 Mobile/15E148 Safari/604.1"
73.193.44.205 - - [09/Oct/2021:01:27:06 +0000] "POST /graphql HTTP/1.1" 200 6883 "http://marketplacebeta.centralus.cloudapp.azure.com/" "Mozilla/5.0 (Macintosh; Intel Mac OS X 10_15_7) AppleWebKit/537.36 (KHTML, like Gecko) Chrome/94.0.4606.71 Safari/537.36"
184.162.204.40 - - [09/Oct/2021:01:27:11 +0000] "POST /graphql HTTP/1.1" 200 377 "http://marketplacebeta.centralus.cloudapp.azure.com/creators/@me" "Mozilla/5.0 (Windows NT 10.0; Win64; x64) AppleWebKit/537.36 (KHTML, like Gecko) Chrome/94.0.4606.71 Safari/537.36"
184.162.204.40 - - [09/Oct/2021:01:27:11 +0000] "POST /graphql HTTP/1.1" 200 377 "http://marketplacebeta.centralus.cloudapp.azure.com/creators/@me" "Mozilla/5.0 (Windows NT 10.0; Win64; x64) AppleWebKit/537.36 (KHTML, like Gecko) Chrome/94.0.4606.71 Safari/537.36"
184.162.204.40 - - [09/Oct/2021:01:27:11 +0000] "POST /graphql HTTP/1.1" 200 377 "http://marketplacebeta.centralus.cloudapp.azure.com/creators/@me" "Mozilla/5.0 (Windows NT 10.0; Win64; x64) AppleWebKit/537.36 (KHTML, like Gecko) Chrome/94.0.4606.71 Safari/537.36"
184.162.204.40 - - [09/Oct/2021:01:27:11 +0000] "POST /graphql HTTP/1.1" 200 377 "http://marketplacebeta.centralus.cloudapp.azure.com/creators/@me" "Mozilla/5.0 (Windows NT 10.0; Win64; x64) AppleWebKit/537.36 (KHTML, like Gecko) Chrome/94.0.4606.71 Safari/537.36"
184.162.204.40 - - [09/Oct/2021:01:27:11 +0000] "POST /graphql HTTP/1.1" 200 377 "http://marketplacebeta.centralus.cloudapp.azure.com/creators/@me" "Mozilla/5.0 (Windows NT 10.0; Win64; x64) AppleWebKit/537.36 (KHTML, like Gecko) Chrome/94.0.4606.71 Safari/537.36"
184.162.204.40 - - [09/Oct/2021:01:27:11 +0000] "POST /graphql HTTP/1.1" 200 377 "http://marketplacebeta.centralus.cloudapp.azure.com/creators/@me" "Mozilla/5.0 (Windows NT 10.0; Win64; x64) AppleWebKit/537.36 (KHTML, like Gecko) Chrome/94.0.4606.71 Safari/537.36"
184.162.204.40 - - [09/Oct/2021:01:27:11 +0000] "POST /graphql HTTP/1.1" 200 377 "http://marketplacebeta.centralus.cloudapp.azure.com/creators/@me" "Mozilla/5.0 (Windows NT 10.0; Win64; x64) AppleWebKit/537.36 (KHTML, like Gecko) Chrome/94.0.4606.71 Safari/537.36"
184.162.204.40 - - [09/Oct/2021:01:27:11 +0000] "POST /graphql HTTP/1.1" 200 377 "http://marketplacebeta.centralus.cloudapp.azure.com/creators/@me" "Mozilla/5.0 (Windows NT 10.0; Win64; x64) AppleWebKit/537.36 (KHTML, like Gecko) Chrome/94.0.4606.71 Safari/537.36"
184.162.204.40 - - [09/Oct/2021:01:27:11 +0000] "POST /graphql HTTP/1.1" 200 377 "http://marketplacebeta.centralus.cloudapp.azure.com/creators/@me" "Mozilla/5.0 (Windows NT 10.0; Win64; x64) AppleWebKit/537.36 (KHTML, like Gecko) Chrome/94.0.4606.71 Safari/537.36"
184.162.204.40 - - [09/Oct/2021:01:27:11 +0000] "POST /graphql HTTP/1.1" 200 377 "http://marketplacebeta.centralus.cloudapp.azure.com/creators/@me" "Mozilla/5.0 (Windows NT 10.0; Win64; x64) AppleWebKit/537.36 (KHTML, like Gecko) Chrome/94.0.4606.71 Safari/537.36"
73.193.44.205 - - [09/Oct/2021:01:27:13 +0000] "POST /graphql HTTP/1.1" 200 6883 "http://marketplacebeta.centralus.cloudapp.azure.com/" "Mozilla/5.0 (Macintosh; Intel Mac OS X 10_15_7) AppleWebKit/537.36 (KHTML, like Gecko) Chrome/94.0.4606.71 Safari/537.36"
73.193.44.205 - - [09/Oct/2021:01:27:13 +0000] "POST /graphql HTTP/1.1" 200 6883 "http://marketplacebeta.centralus.cloudapp.azure.com/" "Mozilla/5.0 (Macintosh; Intel Mac OS X 10_15_7) AppleWebKit/537.36 (KHTML, like Gecko) Chrome/94.0.4606.71 Safari/537.36"
73.193.44.205 - - [09/Oct/2021:01:27:13 +0000] "POST /graphql HTTP/1.1" 200 6883 "http://marketplacebeta.centralus.cloudapp.azure.com/" "Mozilla/5.0 (Macintosh; Intel Mac OS X 10_15_7) AppleWebKit/537.36 (KHTML, like Gecko) Chrome/94.0.4606.71 Safari/537.36"
73.193.44.205 - - [09/Oct/2021:01:27:16 +0000] "POST /graphql HTTP/1.1" 200 6883 "http://marketplacebeta.centralus.cloudapp.azure.com/" "Mozilla/5.0 (Macintosh; Intel Mac OS X 10_15_7) AppleWebKit/537.36 (KHTML, like Gecko) Chrome/94.0.4606.71 Safari/537.36"
184.162.204.40 - - [09/Oct/2021:01:27:17 +0000] "POST /graphql HTTP/1.1" 200 377 "http://marketplacebeta.centralus.cloudapp.azure.com/creators/@me" "Mozilla/5.0 (Windows NT 10.0; Win64; x64) AppleWebKit/537.36 (KHTML, like Gecko) Chrome/94.0.4606.71 Safari/537.36"
184.162.204.40 - - [09/Oct/2021:01:27:17 +0000] "POST /graphql HTTP/1.1" 200 377 "http://marketplacebeta.centralus.cloudapp.azure.com/creators/@me" "Mozilla/5.0 (Windows NT 10.0; Win64; x64) AppleWebKit/537.36 (KHTML, like Gecko) Chrome/94.0.4606.71 Safari/537.36"
184.162.204.40 - - [09/Oct/2021:01:27:17 +0000] "POST /graphql HTTP/1.1" 200 377 "http://marketplacebeta.centralus.cloudapp.azure.com/creators/@me" "Mozilla/5.0 (Windows NT 10.0; Win64; x64) AppleWebKit/537.36 (KHTML, like Gecko) Chrome/94.0.4606.71 Safari/537.36"
184.162.204.40 - - [09/Oct/2021:01:27:17 +0000] "POST /graphql HTTP/1.1" 200 377 "http://marketplacebeta.centralus.cloudapp.azure.com/creators/@me" "Mozilla/5.0 (Windows NT 10.0; Win64; x64) AppleWebKit/537.36 (KHTML, like Gecko) Chrome/94.0.4606.71 Safari/537.36"
73.193.44.205 - - [09/Oct/2021:01:27:19 +0000] "POST /graphql HTTP/1.1" 200 6883 "http://marketplacebeta.centralus.cloudapp.azure.com/" "Mozilla/5.0 (Macintosh; Intel Mac OS X 10_15_7) AppleWebKit/537.36 (KHTML, like Gecko) Chrome/94.0.4606.71 Safari/537.36"
73.193.44.205 - - [09/Oct/2021:01:27:22 +0000] "POST /graphql HTTP/1.1" 200 6883 "http://marketplacebeta.centralus.cloudapp.azure.com/" "Mozilla/5.0 (Macintosh; Intel Mac OS X 10_15_7) AppleWebKit/537.36 (KHTML, like Gecko) Chrome/94.0.4606.71 Safari/537.36"
73.217.215.97 - - [09/Oct/2021:01:27:22 +0000] "POST /admin/login/?next=/admin/ HTTP/1.1" 200 1100 "http://marketplacebeta.centralus.cloudapp.azure.com/admin/login/?next=/admin/" "Mozilla/5.0 (iPhone; CPU iPhone OS 14_8 like Mac OS X) AppleWebKit/605.1.15 (KHTML, like Gecko) Version/14.1.2 Mobile/15E148 Safari/604.1"
73.193.44.205 - - [09/Oct/2021:01:27:26 +0000] "POST /graphql HTTP/1.1" 200 6883 "http://marketplacebeta.centralus.cloudapp.azure.com/" "Mozilla/5.0 (Macintosh; Intel Mac OS X 10_15_7) AppleWebKit/537.36 (KHTML, like Gecko) Chrome/94.0.4606.71 Safari/537.36"
184.162.204.40 - - [09/Oct/2021:01:27:31 +0000] "POST /graphql HTTP/1.1" 200 377 "http://marketplacebeta.centralus.cloudapp.azure.com/creators/@me" "Mozilla/5.0 (Windows NT 10.0; Win64; x64) AppleWebKit/537.36 (KHTML, like Gecko) Chrome/94.0.4606.71 Safari/537.36"
184.162.204.40 - - [09/Oct/2021:01:27:31 +0000] "POST /graphql HTTP/1.1" 200 377 "http://marketplacebeta.centralus.cloudapp.azure.com/creators/@me" "Mozilla/5.0 (Windows NT 10.0; Win64; x64) AppleWebKit/537.36 (KHTML, like Gecko) Chrome/94.0.4606.71 Safari/537.36"
184.162.204.40 - - [09/Oct/2021:01:27:31 +0000] "POST /graphql HTTP/1.1" 200 377 "http://marketplacebeta.centralus.cloudapp.azure.com/creators/@me" "Mozilla/5.0 (Windows NT 10.0; Win64; x64) AppleWebKit/537.36 (KHTML, like Gecko) Chrome/94.0.4606.71 Safari/537.36"
184.162.204.40 - - [09/Oct/2021:01:27:31 +0000] "POST /graphql HTTP/1.1" 200 377 "http://marketplacebeta.centralus.cloudapp.azure.com/creators/@me" "Mozilla/5.0 (Windows NT 10.0; Win64; x64) AppleWebKit/537.36 (KHTML, like Gecko) Chrome/94.0.4606.71 Safari/537.36"
184.162.204.40 - - [09/Oct/2021:01:27:31 +0000] "POST /graphql HTTP/1.1" 200 377 "http://marketplacebeta.centralus.cloudapp.azure.com/creators/@me" "Mozilla/5.0 (Windows NT 10.0; Win64; x64) AppleWebKit/537.36 (KHTML, like Gecko) Chrome/94.0.4606.71 Safari/537.36"
184.162.204.40 - - [09/Oct/2021:01:27:31 +0000] "POST /graphql HTTP/1.1" 200 377 "http://marketplacebeta.centralus.cloudapp.azure.com/creators/@me" "Mozilla/5.0 (Windows NT 10.0; Win64; x64) AppleWebKit/537.36 (KHTML, like Gecko) Chrome/94.0.4606.71 Safari/537.36"
