184.162.204.40 - - [09/Oct/2021:01:14:18 +0000] "GET /uploads/cache/45/41/4541d58c727c2d7ab7ae8534a8702d81.jpg HTTP/1.1" 200 63859 "http://marketplacebeta.centralus.cloudapp.azure.com/" "Mozilla/5.0 (Windows NT 10.0; Win64; x64) AppleWebKit/537.36 (KHTML, like Gecko) Chrome/94.0.4606.71 Safari/537.36 Edg/94.0.992.38"
73.193.44.205 - - [09/Oct/2021:01:14:18 +0000] "POST /graphql HTTP/1.1" 200 4989 "http://marketplacebeta.centralus.cloudapp.azure.com/" "Mozilla/5.0 (Macintosh; Intel Mac OS X 10_15_7) AppleWebKit/537.36 (KHTML, like Gecko) Chrome/94.0.4606.71 Safari/537.36"
184.162.204.40 - - [09/Oct/2021:01:14:18 +0000] "GET /uploads/cache/42/f9/42f93ccb468837bbb5e7dec268f89851.jpg HTTP/1.1" 200 70652 "http://marketplacebeta.centralus.cloudapp.azure.com/" "Mozilla/5.0 (Windows NT 10.0; Win64; x64) AppleWebKit/537.36 (KHTML, like Gecko) Chrome/94.0.4606.71 Safari/537.36 Edg/94.0.992.38"
12.190.236.20 - - [09/Oct/2021:01:14:23 +0000] "POST /graphql HTTP/1.1" 200 578 "http://marketplacebeta.centralus.cloudapp.azure.com/artworks" "Mozilla/5.0 (iPhone; CPU iPhone OS 13_1 like Mac OS X) AppleWebKit/605.1.15 (KHTML, like Gecko) CriOS/76.0.3809.123 Mobile/15E148 Safari/605.1"
12.190.236.20 - - [09/Oct/2021:01:14:23 +0000] "POST /graphql HTTP/1.1" 200 578 "http://marketplacebeta.centralus.cloudapp.azure.com/artworks" "Mozilla/5.0 (iPhone; CPU iPhone OS 13_1 like Mac OS X) AppleWebKit/605.1.15 (KHTML, like Gecko) CriOS/76.0.3809.123 Mobile/15E148 Safari/605.1"
12.190.236.20 - - [09/Oct/2021:01:14:23 +0000] "POST /graphql HTTP/1.1" 200 578 "http://marketplacebeta.centralus.cloudapp.azure.com/artworks" "Mozilla/5.0 (iPhone; CPU iPhone OS 13_1 like Mac OS X) AppleWebKit/605.1.15 (KHTML, like Gecko) CriOS/76.0.3809.123 Mobile/15E148 Safari/605.1"
12.190.236.20 - - [09/Oct/2021:01:14:23 +0000] "POST /graphql HTTP/1.1" 200 578 "http://marketplacebeta.centralus.cloudapp.azure.com/artworks" "Mozilla/5.0 (iPhone; CPU iPhone OS 13_1 like Mac OS X) AppleWebKit/605.1.15 (KHTML, like Gecko) CriOS/76.0.3809.123 Mobile/15E148 Safari/605.1"
12.190.236.20 - - [09/Oct/2021:01:14:25 +0000] "POST /graphql HTTP/1.1" 200 65 "http://marketplacebeta.centralus.cloudapp.azure.com/artworks" "Mozilla/5.0 (iPhone; CPU iPhone OS 13_1 like Mac OS X) AppleWebKit/605.1.15 (KHTML, like Gecko) CriOS/76.0.3809.123 Mobile/15E148 Safari/605.1"
73.193.44.205 - - [09/Oct/2021:01:14:32 +0000] "POST /graphql HTTP/1.1" 200 4989 "http://marketplacebeta.centralus.cloudapp.azure.com/" "Mozilla/5.0 (Macintosh; Intel Mac OS X 10_15_7) AppleWebKit/537.36 (KHTML, like Gecko) Chrome/94.0.4606.71 Safari/537.36"
73.193.44.205 - - [09/Oct/2021:01:14:32 +0000] "POST /graphql HTTP/1.1" 200 4989 "http://marketplacebeta.centralus.cloudapp.azure.com/" "Mozilla/5.0 (Macintosh; Intel Mac OS X 10_15_7) AppleWebKit/537.36 (KHTML, like Gecko) Chrome/94.0.4606.71 Safari/537.36"
73.193.44.205 - - [09/Oct/2021:01:14:32 +0000] "POST /graphql HTTP/1.1" 200 4989 "http://marketplacebeta.centralus.cloudapp.azure.com/" "Mozilla/5.0 (Macintosh; Intel Mac OS X 10_15_7) AppleWebKit/537.36 (KHTML, like Gecko) Chrome/94.0.4606.71 Safari/537.36"
73.193.44.205 - - [09/Oct/2021:01:14:32 +0000] "POST /graphql HTTP/1.1" 200 4989 "http://marketplacebeta.centralus.cloudapp.azure.com/" "Mozilla/5.0 (Macintosh; Intel Mac OS X 10_15_7) AppleWebKit/537.36 (KHTML, like Gecko) Chrome/94.0.4606.71 Safari/537.36"
73.193.44.205 - - [09/Oct/2021:01:14:32 +0000] "POST /graphql HTTP/1.1" 200 4989 "http://marketplacebeta.centralus.cloudapp.azure.com/" "Mozilla/5.0 (Macintosh; Intel Mac OS X 10_15_7) AppleWebKit/537.36 (KHTML, like Gecko) Chrome/94.0.4606.71 Safari/537.36"
73.193.44.205 - - [09/Oct/2021:01:14:35 +0000] "POST /graphql HTTP/1.1" 200 4989 "http://marketplacebeta.centralus.cloudapp.azure.com/" "Mozilla/5.0 (Macintosh; Intel Mac OS X 10_15_7) AppleWebKit/537.36 (KHTML, like Gecko) Chrome/94.0.4606.71 Safari/537.36"
12.190.236.20 - - [09/Oct/2021:01:14:36 +0000] "POST /graphql HTTP/1.1" 200 578 "http://marketplacebeta.centralus.cloudapp.azure.com/artworks" "Mozilla/5.0 (iPhone; CPU iPhone OS 13_1 like Mac OS X) AppleWebKit/605.1.15 (KHTML, like Gecko) CriOS/76.0.3809.123 Mobile/15E148 Safari/605.1"
12.190.236.20 - - [09/Oct/2021:01:14:36 +0000] "POST /graphql HTTP/1.1" 200 578 "http://marketplacebeta.centralus.cloudapp.azure.com/artworks" "Mozilla/5.0 (iPhone; CPU iPhone OS 13_1 like Mac OS X) AppleWebKit/605.1.15 (KHTML, like Gecko) CriOS/76.0.3809.123 Mobile/15E148 Safari/605.1"
12.190.236.20 - - [09/Oct/2021:01:14:36 +0000] "POST /graphql HTTP/1.1" 200 578 "http://marketplacebeta.centralus.cloudapp.azure.com/artworks" "Mozilla/5.0 (iPhone; CPU iPhone OS 13_1 like Mac OS X) AppleWebKit/605.1.15 (KHTML, like Gecko) CriOS/76.0.3809.123 Mobile/15E148 Safari/605.1"
12.190.236.20 - - [09/Oct/2021:01:14:36 +0000] "POST /graphql HTTP/1.1" 200 578 "http://marketplacebeta.centralus.cloudapp.azure.com/artworks" "Mozilla/5.0 (iPhone; CPU iPhone OS 13_1 like Mac OS X) AppleWebKit/605.1.15 (KHTML, like Gecko) CriOS/76.0.3809.123 Mobile/15E148 Safari/605.1"
73.193.44.205 - - [09/Oct/2021:01:14:38 +0000] "POST /graphql HTTP/1.1" 200 4989 "http://marketplacebeta.centralus.cloudapp.azure.com/" "Mozilla/5.0 (Macintosh; Intel Mac OS X 10_15_7) AppleWebKit/537.36 (KHTML, like Gecko) Chrome/94.0.4606.71 Safari/537.36"
12.190.236.20 - - [09/Oct/2021:01:14:48 +0000] "POST /graphql HTTP/1.1" 200 578 "http://marketplacebeta.centralus.cloudapp.azure.com/artworks" "Mozilla/5.0 (iPhone; CPU iPhone OS 13_1 like Mac OS X) AppleWebKit/605.1.15 (KHTML, like Gecko) CriOS/76.0.3809.123 Mobile/15E148 Safari/605.1"
12.190.236.20 - - [09/Oct/2021:01:14:48 +0000] "POST /graphql HTTP/1.1" 200 578 "http://marketplacebeta.centralus.cloudapp.azure.com/artworks" "Mozilla/5.0 (iPhone; CPU iPhone OS 13_1 like Mac OS X) AppleWebKit/605.1.15 (KHTML, like Gecko) CriOS/76.0.3809.123 Mobile/15E148 Safari/605.1"
12.190.236.20 - - [09/Oct/2021:01:14:48 +0000] "POST /graphql HTTP/1.1" 200 578 "http://marketplacebeta.centralus.cloudapp.azure.com/artworks" "Mozilla/5.0 (iPhone; CPU iPhone OS 13_1 like Mac OS X) AppleWebKit/605.1.15 (KHTML, like Gecko) CriOS/76.0.3809.123 Mobile/15E148 Safari/605.1"
12.190.236.20 - - [09/Oct/2021:01:14:48 +0000] "POST /graphql HTTP/1.1" 200 578 "http://marketplacebeta.centralus.cloudapp.azure.com/artworks" "Mozilla/5.0 (iPhone; CPU iPhone OS 13_1 like Mac OS X) AppleWebKit/605.1.15 (KHTML, like Gecko) CriOS/76.0.3809.123 Mobile/15E148 Safari/605.1"
73.193.44.205 - - [09/Oct/2021:01:14:52 +0000] "POST /graphql HTTP/1.1" 200 4989 "http://marketplacebeta.centralus.cloudapp.azure.com/" "Mozilla/5.0 (Macintosh; Intel Mac OS X 10_15_7) AppleWebKit/537.36 (KHTML, like Gecko) Chrome/94.0.4606.71 Safari/537.36"
73.193.44.205 - - [09/Oct/2021:01:14:52 +0000] "POST /graphql HTTP/1.1" 200 4989 "http://marketplacebeta.centralus.cloudapp.azure.com/" "Mozilla/5.0 (Macintosh; Intel Mac OS X 10_15_7) AppleWebKit/537.36 (KHTML, like Gecko) Chrome/94.0.4606.71 Safari/537.36"
73.193.44.205 - - [09/Oct/2021:01:14:52 +0000] "POST /graphql HTTP/1.1" 200 4989 "http://marketplacebeta.centralus.cloudapp.azure.com/" "Mozilla/5.0 (Macintosh; Intel Mac OS X 10_15_7) AppleWebKit/537.36 (KHTML, like Gecko) Chrome/94.0.4606.71 Safari/537.36"
73.193.44.205 - - [09/Oct/2021:01:14:52 +0000] "POST /graphql HTTP/1.1" 200 4989 "http://marketplacebeta.centralus.cloudapp.azure.com/" "Mozilla/5.0 (Macintosh; Intel Mac OS X 10_15_7) AppleWebKit/537.36 (KHTML, like Gecko) Chrome/94.0.4606.71 Safari/537.36"
73.193.44.205 - - [09/Oct/2021:01:14:52 +0000] "POST /graphql HTTP/1.1" 200 4989 "http://marketplacebeta.centralus.cloudapp.azure.com/" "Mozilla/5.0 (Macintosh; Intel Mac OS X 10_15_7) AppleWebKit/537.36 (KHTML, like Gecko) Chrome/94.0.4606.71 Safari/537.36"
73.193.44.205 - - [09/Oct/2021:01:14:55 +0000] "POST /graphql HTTP/1.1" 200 4989 "http://marketplacebeta.centralus.cloudapp.azure.com/" "Mozilla/5.0 (Macintosh; Intel Mac OS X 10_15_7) AppleWebKit/537.36 (KHTML, like Gecko) Chrome/94.0.4606.71 Safari/537.36"
73.193.44.205 - - [09/Oct/2021:01:14:58 +0000] "POST /graphql HTTP/1.1" 200 4989 "http://marketplacebeta.centralus.cloudapp.azure.com/" "Mozilla/5.0 (Macintosh; Intel Mac OS X 10_15_7) AppleWebKit/537.36 (KHTML, like Gecko) Chrome/94.0.4606.71 Safari/537.36"
12.190.236.20 - - [09/Oct/2021:01:15:00 +0000] "POST /graphql HTTP/1.1" 200 578 "http://marketplacebeta.centralus.cloudapp.azure.com/artworks" "Mozilla/5.0 (iPhone; CPU iPhone OS 13_1 like Mac OS X) AppleWebKit/605.1.15 (KHTML, like Gecko) CriOS/76.0.3809.123 Mobile/15E148 Safari/605.1"
12.190.236.20 - - [09/Oct/2021:01:15:00 +0000] "POST /graphql HTTP/1.1" 200 578 "http://marketplacebeta.centralus.cloudapp.azure.com/artworks" "Mozilla/5.0 (iPhone; CPU iPhone OS 13_1 like Mac OS X) AppleWebKit/605.1.15 (KHTML, like Gecko) CriOS/76.0.3809.123 Mobile/15E148 Safari/605.1"
12.190.236.20 - - [09/Oct/2021:01:15:00 +0000] "POST /graphql HTTP/1.1" 200 578 "http://marketplacebeta.centralus.cloudapp.azure.com/artworks" "Mozilla/5.0 (iPhone; CPU iPhone OS 13_1 like Mac OS X) AppleWebKit/605.1.15 (KHTML, like Gecko) CriOS/76.0.3809.123 Mobile/15E148 Safari/605.1"
12.190.236.20 - - [09/Oct/2021:01:15:00 +0000] "POST /graphql HTTP/1.1" 200 578 "http://marketplacebeta.centralus.cloudapp.azure.com/artworks" "Mozilla/5.0 (iPhone; CPU iPhone OS 13_1 like Mac OS X) AppleWebKit/605.1.15 (KHTML, like Gecko) CriOS/76.0.3809.123 Mobile/15E148 Safari/605.1"
73.193.44.205 - - [09/Oct/2021:01:15:08 +0000] "GET /admin/app/artwork/9/change/ HTTP/1.1" 200 3629 "http://marketplacebeta.centralus.cloudapp.azure.com/admin/app/artwork/" "Mozilla/5.0 (Macintosh; Intel Mac OS X 10_15_7) AppleWebKit/537.36 (KHTML, like Gecko) Chrome/94.0.4606.71 Safari/537.36"
73.193.44.205 - - [09/Oct/2021:01:15:09 +0000] "GET /admin/jsi18n/ HTTP/1.1" 200 3325 "http://marketplacebeta.centralus.cloudapp.azure.com/admin/app/artwork/9/change/" "Mozilla/5.0 (Macintosh; Intel Mac OS X 10_15_7) AppleWebKit/537.36 (KHTML, like Gecko) Chrome/94.0.4606.71 Safari/537.36"
73.193.44.205 - - [09/Oct/2021:01:15:09 +0000] "GET /admin/app/artwork/8/change/ HTTP/1.1" 200 3613 "http://marketplacebeta.centralus.cloudapp.azure.com/admin/app/artwork/" "Mozilla/5.0 (Macintosh; Intel Mac OS X 10_15_7) AppleWebKit/537.36 (KHTML, like Gecko) Chrome/94.0.4606.71 Safari/537.36"
73.193.44.205 - - [09/Oct/2021:01:15:09 +0000] "GET /admin/jsi18n/ HTTP/1.1" 200 3325 "http://marketplacebeta.centralus.cloudapp.azure.com/admin/app/artwork/8/change/" "Mozilla/5.0 (Macintosh; Intel Mac OS X 10_15_7) AppleWebKit/537.36 (KHTML, like Gecko) Chrome/94.0.4606.71 Safari/537.36"
73.193.44.205 - - [09/Oct/2021:01:15:10 +0000] "GET /admin/app/artwork/6/change/ HTTP/1.1" 200 3607 "http://marketplacebeta.centralus.cloudapp.azure.com/admin/app/artwork/" "Mozilla/5.0 (Macintosh; Intel Mac OS X 10_15_7) AppleWebKit/537.36 (KHTML, like Gecko) Chrome/94.0.4606.71 Safari/537.36"
73.193.44.205 - - [09/Oct/2021:01:15:10 +0000] "GET /admin/jsi18n/ HTTP/1.1" 200 3325 "http://marketplacebeta.centralus.cloudapp.azure.com/admin/app/artwork/6/change/" "Mozilla/5.0 (Macintosh; Intel Mac OS X 10_15_7) AppleWebKit/537.36 (KHTML, like Gecko) Chrome/94.0.4606.71 Safari/537.36"
73.193.44.205 - - [09/Oct/2021:01:15:11 +0000] "GET /admin/app/artwork/5/change/ HTTP/1.1" 200 3608 "http://marketplacebeta.centralus.cloudapp.azure.com/admin/app/artwork/" "Mozilla/5.0 (Macintosh; Intel Mac OS X 10_15_7) AppleWebKit/537.36 (KHTML, like Gecko) Chrome/94.0.4606.71 Safari/537.36"
73.193.44.205 - - [09/Oct/2021:01:15:11 +0000] "GET /admin/jsi18n/ HTTP/1.1" 200 3325 "http://marketplacebeta.centralus.cloudapp.azure.com/admin/app/artwork/5/change/" "Mozilla/5.0 (Macintosh; Intel Mac OS X 10_15_7) AppleWebKit/537.36 (KHTML, like Gecko) Chrome/94.0.4606.71 Safari/537.36"
73.193.44.205 - - [09/Oct/2021:01:15:12 +0000] "POST /graphql HTTP/1.1" 200 4989 "http://marketplacebeta.centralus.cloudapp.azure.com/" "Mozilla/5.0 (Macintosh; Intel Mac OS X 10_15_7) AppleWebKit/537.36 (KHTML, like Gecko) Chrome/94.0.4606.71 Safari/537.36"
73.193.44.205 - - [09/Oct/2021:01:15:12 +0000] "POST /graphql HTTP/1.1" 200 4989 "http://marketplacebeta.centralus.cloudapp.azure.com/" "Mozilla/5.0 (Macintosh; Intel Mac OS X 10_15_7) AppleWebKit/537.36 (KHTML, like Gecko) Chrome/94.0.4606.71 Safari/537.36"
73.193.44.205 - - [09/Oct/2021:01:15:12 +0000] "POST /graphql HTTP/1.1" 200 4989 "http://marketplacebeta.centralus.cloudapp.azure.com/" "Mozilla/5.0 (Macintosh; Intel Mac OS X 10_15_7) AppleWebKit/537.36 (KHTML, like Gecko) Chrome/94.0.4606.71 Safari/537.36"
73.193.44.205 - - [09/Oct/2021:01:15:12 +0000] "POST /graphql HTTP/1.1" 200 4989 "http://marketplacebeta.centralus.cloudapp.azure.com/" "Mozilla/5.0 (Macintosh; Intel Mac OS X 10_15_7) AppleWebKit/537.36 (KHTML, like Gecko) Chrome/94.0.4606.71 Safari/537.36"
12.190.236.20 - - [09/Oct/2021:01:15:12 +0000] "POST /graphql HTTP/1.1" 200 578 "http://marketplacebeta.centralus.cloudapp.azure.com/artworks" "Mozilla/5.0 (iPhone; CPU iPhone OS 13_1 like Mac OS X) AppleWebKit/605.1.15 (KHTML, like Gecko) CriOS/76.0.3809.123 Mobile/15E148 Safari/605.1"
12.190.236.20 - - [09/Oct/2021:01:15:13 +0000] "POST /graphql HTTP/1.1" 200 578 "http://marketplacebeta.centralus.cloudapp.azure.com/artworks" "Mozilla/5.0 (iPhone; CPU iPhone OS 13_1 like Mac OS X) AppleWebKit/605.1.15 (KHTML, like Gecko) CriOS/76.0.3809.123 Mobile/15E148 Safari/605.1"
12.190.236.20 - - [09/Oct/2021:01:15:13 +0000] "POST /graphql HTTP/1.1" 200 578 "http://marketplacebeta.centralus.cloudapp.azure.com/artworks" "Mozilla/5.0 (iPhone; CPU iPhone OS 13_1 like Mac OS X) AppleWebKit/605.1.15 (KHTML, like Gecko) CriOS/76.0.3809.123 Mobile/15E148 Safari/605.1"
12.190.236.20 - - [09/Oct/2021:01:15:13 +0000] "POST /graphql HTTP/1.1" 200 578 "http://marketplacebeta.centralus.cloudapp.azure.com/artworks" "Mozilla/5.0 (iPhone; CPU iPhone OS 13_1 like Mac OS X) AppleWebKit/605.1.15 (KHTML, like Gecko) CriOS/76.0.3809.123 Mobile/15E148 Safari/605.1"
73.193.44.205 - - [09/Oct/2021:01:15:15 +0000] "POST /admin/app/artwork/9/change/ HTTP/1.1" 302 0 "http://marketplacebeta.centralus.cloudapp.azure.com/admin/app/artwork/9/change/" "Mozilla/5.0 (Macintosh; Intel Mac OS X 10_15_7) AppleWebKit/537.36 (KHTML, like Gecko) Chrome/94.0.4606.71 Safari/537.36"
73.193.44.205 - - [09/Oct/2021:01:15:15 +0000] "POST /graphql HTTP/1.1" 200 4989 "http://marketplacebeta.centralus.cloudapp.azure.com/" "Mozilla/5.0 (Macintosh; Intel Mac OS X 10_15_7) AppleWebKit/537.36 (KHTML, like Gecko) Chrome/94.0.4606.71 Safari/537.36"
73.193.44.205 - - [09/Oct/2021:01:15:15 +0000] "GET /admin/app/artwork/ HTTP/1.1" 200 2642 "http://marketplacebeta.centralus.cloudapp.azure.com/admin/app/artwork/9/change/" "Mozilla/5.0 (Macintosh; Intel Mac OS X 10_15_7) AppleWebKit/537.36 (KHTML, like Gecko) Chrome/94.0.4606.71 Safari/537.36"
73.193.44.205 - - [09/Oct/2021:01:15:15 +0000] "GET /admin/jsi18n/ HTTP/1.1" 200 3325 "http://marketplacebeta.centralus.cloudapp.azure.com/admin/app/artwork/" "Mozilla/5.0 (Macintosh; Intel Mac OS X 10_15_7) AppleWebKit/537.36 (KHTML, like Gecko) Chrome/94.0.4606.71 Safari/537.36"
73.193.44.205 - - [09/Oct/2021:01:15:19 +0000] "POST /graphql HTTP/1.1" 200 4989 "http://marketplacebeta.centralus.cloudapp.azure.com/" "Mozilla/5.0 (Macintosh; Intel Mac OS X 10_15_7) AppleWebKit/537.36 (KHTML, like Gecko) Chrome/94.0.4606.71 Safari/537.36"
73.193.44.205 - - [09/Oct/2021:01:15:20 +0000] "POST /admin/app/artwork/8/change/ HTTP/1.1" 302 0 "http://marketplacebeta.centralus.cloudapp.azure.com/admin/app/artwork/8/change/" "Mozilla/5.0 (Macintosh; Intel Mac OS X 10_15_7) AppleWebKit/537.36 (KHTML, like Gecko) Chrome/94.0.4606.71 Safari/537.36"
73.193.44.205 - - [09/Oct/2021:01:15:21 +0000] "GET /admin/app/artwork/ HTTP/1.1" 200 2640 "http://marketplacebeta.centralus.cloudapp.azure.com/admin/app/artwork/8/change/" "Mozilla/5.0 (Macintosh; Intel Mac OS X 10_15_7) AppleWebKit/537.36 (KHTML, like Gecko) Chrome/94.0.4606.71 Safari/537.36"
73.193.44.205 - - [09/Oct/2021:01:15:21 +0000] "GET /admin/jsi18n/ HTTP/1.1" 200 3325 "http://marketplacebeta.centralus.cloudapp.azure.com/admin/app/artwork/" "Mozilla/5.0 (Macintosh; Intel Mac OS X 10_15_7) AppleWebKit/537.36 (KHTML, like Gecko) Chrome/94.0.4606.71 Safari/537.36"
73.193.44.205 - - [09/Oct/2021:01:15:24 +0000] "POST /admin/app/artwork/6/change/ HTTP/1.1" 302 0 "http://marketplacebeta.centralus.cloudapp.azure.com/admin/app/artwork/6/change/" "Mozilla/5.0 (Macintosh; Intel Mac OS X 10_15_7) AppleWebKit/537.36 (KHTML, like Gecko) Chrome/94.0.4606.71 Safari/537.36"
73.193.44.205 - - [09/Oct/2021:01:15:24 +0000] "GET /admin/app/artwork/ HTTP/1.1" 200 2641 "http://marketplacebeta.centralus.cloudapp.azure.com/admin/app/artwork/6/change/" "Mozilla/5.0 (Macintosh; Intel Mac OS X 10_15_7) AppleWebKit/537.36 (KHTML, like Gecko) Chrome/94.0.4606.71 Safari/537.36"
73.193.44.205 - - [09/Oct/2021:01:15:24 +0000] "GET /admin/jsi18n/ HTTP/1.1" 200 3325 "http://marketplacebeta.centralus.cloudapp.azure.com/admin/app/artwork/" "Mozilla/5.0 (Macintosh; Intel Mac OS X 10_15_7) AppleWebKit/537.36 (KHTML, like Gecko) Chrome/94.0.4606.71 Safari/537.36"
12.190.236.20 - - [09/Oct/2021:01:15:25 +0000] "POST /graphql HTTP/1.1" 200 578 "http://marketplacebeta.centralus.cloudapp.azure.com/artworks" "Mozilla/5.0 (iPhone; CPU iPhone OS 13_1 like Mac OS X) AppleWebKit/605.1.15 (KHTML, like Gecko) CriOS/76.0.3809.123 Mobile/15E148 Safari/605.1"
12.190.236.20 - - [09/Oct/2021:01:15:25 +0000] "POST /graphql HTTP/1.1" 200 578 "http://marketplacebeta.centralus.cloudapp.azure.com/artworks" "Mozilla/5.0 (iPhone; CPU iPhone OS 13_1 like Mac OS X) AppleWebKit/605.1.15 (KHTML, like Gecko) CriOS/76.0.3809.123 Mobile/15E148 Safari/605.1"
12.190.236.20 - - [09/Oct/2021:01:15:25 +0000] "POST /graphql HTTP/1.1" 200 578 "http://marketplacebeta.centralus.cloudapp.azure.com/artworks" "Mozilla/5.0 (iPhone; CPU iPhone OS 13_1 like Mac OS X) AppleWebKit/605.1.15 (KHTML, like Gecko) CriOS/76.0.3809.123 Mobile/15E148 Safari/605.1"
12.190.236.20 - - [09/Oct/2021:01:15:25 +0000] "POST /graphql HTTP/1.1" 200 578 "http://marketplacebeta.centralus.cloudapp.azure.com/artworks" "Mozilla/5.0 (iPhone; CPU iPhone OS 13_1 like Mac OS X) AppleWebKit/605.1.15 (KHTML, like Gecko) CriOS/76.0.3809.123 Mobile/15E148 Safari/605.1"
73.193.44.205 - - [09/Oct/2021:01:15:28 +0000] "POST /admin/app/artwork/5/change/ HTTP/1.1" 302 0 "http://marketplacebeta.centralus.cloudapp.azure.com/admin/app/artwork/5/change/" "Mozilla/5.0 (Macintosh; Intel Mac OS X 10_15_7) AppleWebKit/537.36 (KHTML, like Gecko) Chrome/94.0.4606.71 Safari/537.36"
73.193.44.205 - - [09/Oct/2021:01:15:28 +0000] "GET /admin/app/artwork/ HTTP/1.1" 200 2641 "http://marketplacebeta.centralus.cloudapp.azure.com/admin/app/artwork/5/change/" "Mozilla/5.0 (Macintosh; Intel Mac OS X 10_15_7) AppleWebKit/537.36 (KHTML, like Gecko) Chrome/94.0.4606.71 Safari/537.36"
73.193.44.205 - - [09/Oct/2021:01:15:28 +0000] "GET /admin/jsi18n/ HTTP/1.1" 200 3325 "http://marketplacebeta.centralus.cloudapp.azure.com/admin/app/artwork/" "Mozilla/5.0 (Macintosh; Intel Mac OS X 10_15_7) AppleWebKit/537.36 (KHTML, like Gecko) Chrome/94.0.4606.71 Safari/537.36"
73.193.44.205 - - [09/Oct/2021:01:15:33 +0000] "POST /graphql HTTP/1.1" 200 4989 "http://marketplacebeta.centralus.cloudapp.azure.com/" "Mozilla/5.0 (Macintosh; Intel Mac OS X 10_15_7) AppleWebKit/537.36 (KHTML, like Gecko) Chrome/94.0.4606.71 Safari/537.36"
73.193.44.205 - - [09/Oct/2021:01:15:33 +0000] "POST /graphql HTTP/1.1" 200 4989 "http://marketplacebeta.centralus.cloudapp.azure.com/" "Mozilla/5.0 (Macintosh; Intel Mac OS X 10_15_7) AppleWebKit/537.36 (KHTML, like Gecko) Chrome/94.0.4606.71 Safari/537.36"
73.193.44.205 - - [09/Oct/2021:01:15:33 +0000] "POST /graphql HTTP/1.1" 200 4989 "http://marketplacebeta.centralus.cloudapp.azure.com/" "Mozilla/5.0 (Macintosh; Intel Mac OS X 10_15_7) AppleWebKit/537.36 (KHTML, like Gecko) Chrome/94.0.4606.71 Safari/537.36"
73.193.44.205 - - [09/Oct/2021:01:15:33 +0000] "POST /graphql HTTP/1.1" 200 4989 "http://marketplacebeta.centralus.cloudapp.azure.com/" "Mozilla/5.0 (Macintosh; Intel Mac OS X 10_15_7) AppleWebKit/537.36 (KHTML, like Gecko) Chrome/94.0.4606.71 Safari/537.36"
73.193.44.205 - - [09/Oct/2021:01:15:33 +0000] "POST /graphql HTTP/1.1" 200 4989 "http://marketplacebeta.centralus.cloudapp.azure.com/" "Mozilla/5.0 (Macintosh; Intel Mac OS X 10_15_7) AppleWebKit/537.36 (KHTML, like Gecko) Chrome/94.0.4606.71 Safari/537.36"
73.193.44.205 - - [09/Oct/2021:01:15:34 +0000] "GET / HTTP/1.1" 304 0 "-" "Mozilla/5.0 (Macintosh; Intel Mac OS X 10_15_7) AppleWebKit/537.36 (KHTML, like Gecko) Chrome/94.0.4606.71 Safari/537.36"
73.193.44.205 - - [09/Oct/2021:01:15:34 +0000] "GET /swiper.16f1eb55.css HTTP/1.1" 304 0 "http://marketplacebeta.centralus.cloudapp.azure.com/" "Mozilla/5.0 (Macintosh; Intel Mac OS X 10_15_7) AppleWebKit/537.36 (KHTML, like Gecko) Chrome/94.0.4606.71 Safari/537.36"
73.193.44.205 - - [09/Oct/2021:01:15:34 +0000] "GET /main.cec8a1d1.css HTTP/1.1" 304 0 "http://marketplacebeta.centralus.cloudapp.azure.com/" "Mozilla/5.0 (Macintosh; Intel Mac OS X 10_15_7) AppleWebKit/537.36 (KHTML, like Gecko) Chrome/94.0.4606.71 Safari/537.36"
73.193.44.205 - - [09/Oct/2021:01:15:34 +0000] "GET /src.e4876573.js HTTP/1.1" 304 0 "http://marketplacebeta.centralus.cloudapp.azure.com/" "Mozilla/5.0 (Macintosh; Intel Mac OS X 10_15_7) AppleWebKit/537.36 (KHTML, like Gecko) Chrome/94.0.4606.71 Safari/537.36"
73.193.44.205 - - [09/Oct/2021:01:15:34 +0000] "GET /main.0e1de5c6.css HTTP/1.1" 304 0 "http://marketplacebeta.centralus.cloudapp.azure.com/" "Mozilla/5.0 (Macintosh; Intel Mac OS X 10_15_7) AppleWebKit/537.36 (KHTML, like Gecko) Chrome/94.0.4606.71 Safari/537.36"
73.193.44.205 - - [09/Oct/2021:01:15:34 +0000] "GET /logo-header.07c6b9ee.svg HTTP/1.1" 304 0 "http://marketplacebeta.centralus.cloudapp.azure.com/" "Mozilla/5.0 (Macintosh; Intel Mac OS X 10_15_7) AppleWebKit/537.36 (KHTML, like Gecko) Chrome/94.0.4606.71 Safari/537.36"
73.193.44.205 - - [09/Oct/2021:01:15:34 +0000] "GET /user.dc1c4cb2.svg HTTP/1.1" 304 0 "http://marketplacebeta.centralus.cloudapp.azure.com/" "Mozilla/5.0 (Macintosh; Intel Mac OS X 10_15_7) AppleWebKit/537.36 (KHTML, like Gecko) Chrome/94.0.4606.71 Safari/537.36"
73.193.44.205 - - [09/Oct/2021:01:15:34 +0000] "GET /lof.bc434639.svg HTTP/1.1" 304 0 "http://marketplacebeta.centralus.cloudapp.azure.com/" "Mozilla/5.0 (Macintosh; Intel Mac OS X 10_15_7) AppleWebKit/537.36 (KHTML, like Gecko) Chrome/94.0.4606.71 Safari/537.36"
73.193.44.205 - - [09/Oct/2021:01:15:34 +0000] "GET /arrow-bottom.eec78b03.svg HTTP/1.1" 304 0 "http://marketplacebeta.centralus.cloudapp.azure.com/main.0e1de5c6.css" "Mozilla/5.0 (Macintosh; Intel Mac OS X 10_15_7) AppleWebKit/537.36 (KHTML, like Gecko) Chrome/94.0.4606.71 Safari/537.36"
73.193.44.205 - - [09/Oct/2021:01:15:34 +0000] "POST /graphql HTTP/1.1" 200 7003 "http://marketplacebeta.centralus.cloudapp.azure.com/" "Mozilla/5.0 (Macintosh; Intel Mac OS X 10_15_7) AppleWebKit/537.36 (KHTML, like Gecko) Chrome/94.0.4606.71 Safari/537.36"
73.193.44.205 - - [09/Oct/2021:01:15:34 +0000] "POST /graphql HTTP/1.1" 200 4989 "http://marketplacebeta.centralus.cloudapp.azure.com/" "Mozilla/5.0 (Macintosh; Intel Mac OS X 10_15_7) AppleWebKit/537.36 (KHTML, like Gecko) Chrome/94.0.4606.71 Safari/537.36"
73.193.44.205 - - [09/Oct/2021:01:15:34 +0000] "GET /uploads/cache/45/41/4541d58c727c2d7ab7ae8534a8702d81.jpg HTTP/1.1" 304 0 "http://marketplacebeta.centralus.cloudapp.azure.com/" "Mozilla/5.0 (Macintosh; Intel Mac OS X 10_15_7) AppleWebKit/537.36 (KHTML, like Gecko) Chrome/94.0.4606.71 Safari/537.36"
73.193.44.205 - - [09/Oct/2021:01:15:34 +0000] "GET /uploads/cache/1c/3f/1c3f2142122dc36af8b97a56375682c3.jpg HTTP/1.1" 304 0 "http://marketplacebeta.centralus.cloudapp.azure.com/" "Mozilla/5.0 (Macintosh; Intel Mac OS X 10_15_7) AppleWebKit/537.36 (KHTML, like Gecko) Chrome/94.0.4606.71 Safari/537.36"
73.193.44.205 - - [09/Oct/2021:01:15:34 +0000] "GET /uploads/cache/c2/1f/c21f68822549ea48d7d755456a1f0415.jpg HTTP/1.1" 304 0 "http://marketplacebeta.centralus.cloudapp.azure.com/" "Mozilla/5.0 (Macintosh; Intel Mac OS X 10_15_7) AppleWebKit/537.36 (KHTML, like Gecko) Chrome/94.0.4606.71 Safari/537.36"
73.193.44.205 - - [09/Oct/2021:01:15:34 +0000] "GET /uploads/cache/42/f9/42f93ccb468837bbb5e7dec268f89851.jpg HTTP/1.1" 304 0 "http://marketplacebeta.centralus.cloudapp.azure.com/" "Mozilla/5.0 (Macintosh; Intel Mac OS X 10_15_7) AppleWebKit/537.36 (KHTML, like Gecko) Chrome/94.0.4606.71 Safari/537.36"
73.193.44.205 - - [09/Oct/2021:01:15:34 +0000] "GET /uploads/cache/7a/fb/7afb71f09158581a7d3a72eff6936f14.jpg HTTP/1.1" 304 0 "http://marketplacebeta.centralus.cloudapp.azure.com/" "Mozilla/5.0 (Macintosh; Intel Mac OS X 10_15_7) AppleWebKit/537.36 (KHTML, like Gecko) Chrome/94.0.4606.71 Safari/537.36"
73.193.44.205 - - [09/Oct/2021:01:15:34 +0000] "GET /uploads/cache/3e/ff/3eff1f5f0ab5099cfb445be599c2ccdd.jpg HTTP/1.1" 304 0 "http://marketplacebeta.centralus.cloudapp.azure.com/" "Mozilla/5.0 (Macintosh; Intel Mac OS X 10_15_7) AppleWebKit/537.36 (KHTML, like Gecko) Chrome/94.0.4606.71 Safari/537.36"
73.193.44.205 - - [09/Oct/2021:01:15:34 +0000] "GET /uploads/cache/d6/80/d680cf9711ef2fdae3f1f993d886ae78.jpg HTTP/1.1" 304 0 "http://marketplacebeta.centralus.cloudapp.azure.com/" "Mozilla/5.0 (Macintosh; Intel Mac OS X 10_15_7) AppleWebKit/537.36 (KHTML, like Gecko) Chrome/94.0.4606.71 Safari/537.36"
73.193.44.205 - - [09/Oct/2021:01:15:34 +0000] "POST /graphql HTTP/1.1" 200 38 "http://marketplacebeta.centralus.cloudapp.azure.com/" "Mozilla/5.0 (Macintosh; Intel Mac OS X 10_15_7) AppleWebKit/537.36 (KHTML, like Gecko) Chrome/94.0.4606.71 Safari/537.36"
73.193.44.205 - - [09/Oct/2021:01:15:35 +0000] "POST /graphql HTTP/1.1" 200 4989 "http://marketplacebeta.centralus.cloudapp.azure.com/" "Mozilla/5.0 (Macintosh; Intel Mac OS X 10_15_7) AppleWebKit/537.36 (KHTML, like Gecko) Chrome/94.0.4606.71 Safari/537.36"
12.190.236.20 - - [09/Oct/2021:01:15:37 +0000] "POST /graphql HTTP/1.1" 200 578 "http://marketplacebeta.centralus.cloudapp.azure.com/artworks" "Mozilla/5.0 (iPhone; CPU iPhone OS 13_1 like Mac OS X) AppleWebKit/605.1.15 (KHTML, like Gecko) CriOS/76.0.3809.123 Mobile/15E148 Safari/605.1"
12.190.236.20 - - [09/Oct/2021:01:15:37 +0000] "POST /graphql HTTP/1.1" 200 578 "http://marketplacebeta.centralus.cloudapp.azure.com/artworks" "Mozilla/5.0 (iPhone; CPU iPhone OS 13_1 like Mac OS X) AppleWebKit/605.1.15 (KHTML, like Gecko) CriOS/76.0.3809.123 Mobile/15E148 Safari/605.1"
12.190.236.20 - - [09/Oct/2021:01:15:37 +0000] "POST /graphql HTTP/1.1" 200 578 "http://marketplacebeta.centralus.cloudapp.azure.com/artworks" "Mozilla/5.0 (iPhone; CPU iPhone OS 13_1 like Mac OS X) AppleWebKit/605.1.15 (KHTML, like Gecko) CriOS/76.0.3809.123 Mobile/15E148 Safari/605.1"
12.190.236.20 - - [09/Oct/2021:01:15:37 +0000] "POST /graphql HTTP/1.1" 200 578 "http://marketplacebeta.centralus.cloudapp.azure.com/artworks" "Mozilla/5.0 (iPhone; CPU iPhone OS 13_1 like Mac OS X) AppleWebKit/605.1.15 (KHTML, like Gecko) CriOS/76.0.3809.123 Mobile/15E148 Safari/605.1"
73.193.44.205 - - [09/Oct/2021:01:15:39 +0000] "POST /graphql HTTP/1.1" 200 4989 "http://marketplacebeta.centralus.cloudapp.azure.com/" "Mozilla/5.0 (Macintosh; Intel Mac OS X 10_15_7) AppleWebKit/537.36 (KHTML, like Gecko) Chrome/94.0.4606.71 Safari/537.36"
184.162.204.40 - - [09/Oct/2021:01:15:43 +0000] "GET / HTTP/1.1" 304 0 "-" "Mozilla/5.0 (Windows NT 10.0; Win64; x64) AppleWebKit/537.36 (KHTML, like Gecko) Chrome/94.0.4606.71 Safari/537.36 Edg/94.0.992.38"
184.162.204.40 - - [09/Oct/2021:01:15:43 +0000] "GET /main.0e1de5c6.css HTTP/1.1" 304 0 "http://marketplacebeta.centralus.cloudapp.azure.com/" "Mozilla/5.0 (Windows NT 10.0; Win64; x64) AppleWebKit/537.36 (KHTML, like Gecko) Chrome/94.0.4606.71 Safari/537.36 Edg/94.0.992.38"
184.162.204.40 - - [09/Oct/2021:01:15:43 +0000] "GET /main.cec8a1d1.css HTTP/1.1" 304 0 "http://marketplacebeta.centralus.cloudapp.azure.com/" "Mozilla/5.0 (Windows NT 10.0; Win64; x64) AppleWebKit/537.36 (KHTML, like Gecko) Chrome/94.0.4606.71 Safari/537.36 Edg/94.0.992.38"
184.162.204.40 - - [09/Oct/2021:01:15:43 +0000] "GET /swiper.16f1eb55.css HTTP/1.1" 304 0 "http://marketplacebeta.centralus.cloudapp.azure.com/" "Mozilla/5.0 (Windows NT 10.0; Win64; x64) AppleWebKit/537.36 (KHTML, like Gecko) Chrome/94.0.4606.71 Safari/537.36 Edg/94.0.992.38"
184.162.204.40 - - [09/Oct/2021:01:15:43 +0000] "GET /src.e4876573.js HTTP/1.1" 304 0 "http://marketplacebeta.centralus.cloudapp.azure.com/" "Mozilla/5.0 (Windows NT 10.0; Win64; x64) AppleWebKit/537.36 (KHTML, like Gecko) Chrome/94.0.4606.71 Safari/537.36 Edg/94.0.992.38"
184.162.204.40 - - [09/Oct/2021:01:15:44 +0000] "GET /logo-header.07c6b9ee.svg HTTP/1.1" 304 0 "http://marketplacebeta.centralus.cloudapp.azure.com/" "Mozilla/5.0 (Windows NT 10.0; Win64; x64) AppleWebKit/537.36 (KHTML, like Gecko) Chrome/94.0.4606.71 Safari/537.36 Edg/94.0.992.38"
184.162.204.40 - - [09/Oct/2021:01:15:44 +0000] "POST /graphql HTTP/1.1" 200 38 "http://marketplacebeta.centralus.cloudapp.azure.com/" "Mozilla/5.0 (Windows NT 10.0; Win64; x64) AppleWebKit/537.36 (KHTML, like Gecko) Chrome/94.0.4606.71 Safari/537.36 Edg/94.0.992.38"
184.162.204.40 - - [09/Oct/2021:01:15:44 +0000] "GET /favicon.ico HTTP/1.1" 304 0 "http://marketplacebeta.centralus.cloudapp.azure.com/" "Mozilla/5.0 (Windows NT 10.0; Win64; x64) AppleWebKit/537.36 (KHTML, like Gecko) Chrome/94.0.4606.71 Safari/537.36 Edg/94.0.992.38"
184.162.204.40 - - [09/Oct/2021:01:15:44 +0000] "POST /graphql HTTP/1.1" 200 7003 "http://marketplacebeta.centralus.cloudapp.azure.com/" "Mozilla/5.0 (Windows NT 10.0; Win64; x64) AppleWebKit/537.36 (KHTML, like Gecko) Chrome/94.0.4606.71 Safari/537.36 Edg/94.0.992.38"
184.162.204.40 - - [09/Oct/2021:01:15:44 +0000] "GET /uploads/cache/45/41/4541d58c727c2d7ab7ae8534a8702d81.jpg HTTP/1.1" 304 0 "http://marketplacebeta.centralus.cloudapp.azure.com/" "Mozilla/5.0 (Windows NT 10.0; Win64; x64) AppleWebKit/537.36 (KHTML, like Gecko) Chrome/94.0.4606.71 Safari/537.36 Edg/94.0.992.38"
184.162.204.40 - - [09/Oct/2021:01:15:44 +0000] "GET /uploads/cache/c2/1f/c21f68822549ea48d7d755456a1f0415.jpg HTTP/1.1" 304 0 "http://marketplacebeta.centralus.cloudapp.azure.com/" "Mozilla/5.0 (Windows NT 10.0; Win64; x64) AppleWebKit/537.36 (KHTML, like Gecko) Chrome/94.0.4606.71 Safari/537.36 Edg/94.0.992.38"
184.162.204.40 - - [09/Oct/2021:01:15:44 +0000] "GET /uploads/cache/1c/3f/1c3f2142122dc36af8b97a56375682c3.jpg HTTP/1.1" 304 0 "http://marketplacebeta.centralus.cloudapp.azure.com/" "Mozilla/5.0 (Windows NT 10.0; Win64; x64) AppleWebKit/537.36 (KHTML, like Gecko) Chrome/94.0.4606.71 Safari/537.36 Edg/94.0.992.38"
184.162.204.40 - - [09/Oct/2021:01:15:44 +0000] "GET /uploads/cache/42/f9/42f93ccb468837bbb5e7dec268f89851.jpg HTTP/1.1" 304 0 "http://marketplacebeta.centralus.cloudapp.azure.com/" "Mozilla/5.0 (Windows NT 10.0; Win64; x64) AppleWebKit/537.36 (KHTML, like Gecko) Chrome/94.0.4606.71 Safari/537.36 Edg/94.0.992.38"
184.162.204.40 - - [09/Oct/2021:01:15:44 +0000] "GET /uploads/cache/7a/fb/7afb71f09158581a7d3a72eff6936f14.jpg HTTP/1.1" 304 0 "http://marketplacebeta.centralus.cloudapp.azure.com/" "Mozilla/5.0 (Windows NT 10.0; Win64; x64) AppleWebKit/537.36 (KHTML, like Gecko) Chrome/94.0.4606.71 Safari/537.36 Edg/94.0.992.38"
184.162.204.40 - - [09/Oct/2021:01:15:44 +0000] "GET /user.dc1c4cb2.svg HTTP/1.1" 304 0 "http://marketplacebeta.centralus.cloudapp.azure.com/" "Mozilla/5.0 (Windows NT 10.0; Win64; x64) AppleWebKit/537.36 (KHTML, like Gecko) Chrome/94.0.4606.71 Safari/537.36 Edg/94.0.992.38"
184.162.204.40 - - [09/Oct/2021:01:15:44 +0000] "GET /uploads/cache/3e/ff/3eff1f5f0ab5099cfb445be599c2ccdd.jpg HTTP/1.1" 304 0 "http://marketplacebeta.centralus.cloudapp.azure.com/" "Mozilla/5.0 (Windows NT 10.0; Win64; x64) AppleWebKit/537.36 (KHTML, like Gecko) Chrome/94.0.4606.71 Safari/537.36 Edg/94.0.992.38"
184.162.204.40 - - [09/Oct/2021:01:15:44 +0000] "GET /uploads/cache/d6/80/d680cf9711ef2fdae3f1f993d886ae78.jpg HTTP/1.1" 304 0 "http://marketplacebeta.centralus.cloudapp.azure.com/" "Mozilla/5.0 (Windows NT 10.0; Win64; x64) AppleWebKit/537.36 (KHTML, like Gecko) Chrome/94.0.4606.71 Safari/537.36 Edg/94.0.992.38"
12.190.236.20 - - [09/Oct/2021:01:15:50 +0000] "POST /graphql HTTP/1.1" 200 578 "http://marketplacebeta.centralus.cloudapp.azure.com/artworks" "Mozilla/5.0 (iPhone; CPU iPhone OS 13_1 like Mac OS X) AppleWebKit/605.1.15 (KHTML, like Gecko) CriOS/76.0.3809.123 Mobile/15E148 Safari/605.1"
12.190.236.20 - - [09/Oct/2021:01:15:50 +0000] "POST /graphql HTTP/1.1" 200 578 "http://marketplacebeta.centralus.cloudapp.azure.com/artworks" "Mozilla/5.0 (iPhone; CPU iPhone OS 13_1 like Mac OS X) AppleWebKit/605.1.15 (KHTML, like Gecko) CriOS/76.0.3809.123 Mobile/15E148 Safari/605.1"
12.190.236.20 - - [09/Oct/2021:01:15:50 +0000] "POST /graphql HTTP/1.1" 200 578 "http://marketplacebeta.centralus.cloudapp.azure.com/artworks" "Mozilla/5.0 (iPhone; CPU iPhone OS 13_1 like Mac OS X) AppleWebKit/605.1.15 (KHTML, like Gecko) CriOS/76.0.3809.123 Mobile/15E148 Safari/605.1"
12.190.236.20 - - [09/Oct/2021:01:15:50 +0000] "POST /graphql HTTP/1.1" 200 578 "http://marketplacebeta.centralus.cloudapp.azure.com/artworks" "Mozilla/5.0 (iPhone; CPU iPhone OS 13_1 like Mac OS X) AppleWebKit/605.1.15 (KHTML, like Gecko) CriOS/76.0.3809.123 Mobile/15E148 Safari/605.1"
73.193.44.205 - - [09/Oct/2021:01:15:53 +0000] "POST /graphql HTTP/1.1" 200 4989 "http://marketplacebeta.centralus.cloudapp.azure.com/" "Mozilla/5.0 (Macintosh; Intel Mac OS X 10_15_7) AppleWebKit/537.36 (KHTML, like Gecko) Chrome/94.0.4606.71 Safari/537.36"
73.193.44.205 - - [09/Oct/2021:01:15:53 +0000] "POST /graphql HTTP/1.1" 200 4989 "http://marketplacebeta.centralus.cloudapp.azure.com/" "Mozilla/5.0 (Macintosh; Intel Mac OS X 10_15_7) AppleWebKit/537.36 (KHTML, like Gecko) Chrome/94.0.4606.71 Safari/537.36"
73.193.44.205 - - [09/Oct/2021:01:15:53 +0000] "POST /graphql HTTP/1.1" 200 4989 "http://marketplacebeta.centralus.cloudapp.azure.com/" "Mozilla/5.0 (Macintosh; Intel Mac OS X 10_15_7) AppleWebKit/537.36 (KHTML, like Gecko) Chrome/94.0.4606.71 Safari/537.36"
73.193.44.205 - - [09/Oct/2021:01:15:53 +0000] "POST /graphql HTTP/1.1" 200 4989 "http://marketplacebeta.centralus.cloudapp.azure.com/" "Mozilla/5.0 (Macintosh; Intel Mac OS X 10_15_7) AppleWebKit/537.36 (KHTML, like Gecko) Chrome/94.0.4606.71 Safari/537.36"
73.193.44.205 - - [09/Oct/2021:01:15:53 +0000] "POST /graphql HTTP/1.1" 200 4989 "http://marketplacebeta.centralus.cloudapp.azure.com/" "Mozilla/5.0 (Macintosh; Intel Mac OS X 10_15_7) AppleWebKit/537.36 (KHTML, like Gecko) Chrome/94.0.4606.71 Safari/537.36"
73.193.44.205 - - [09/Oct/2021:01:15:55 +0000] "POST /graphql HTTP/1.1" 200 4989 "http://marketplacebeta.centralus.cloudapp.azure.com/" "Mozilla/5.0 (Macintosh; Intel Mac OS X 10_15_7) AppleWebKit/537.36 (KHTML, like Gecko) Chrome/94.0.4606.71 Safari/537.36"
73.193.44.205 - - [09/Oct/2021:01:15:59 +0000] "POST /graphql HTTP/1.1" 200 4989 "http://marketplacebeta.centralus.cloudapp.azure.com/" "Mozilla/5.0 (Macintosh; Intel Mac OS X 10_15_7) AppleWebKit/537.36 (KHTML, like Gecko) Chrome/94.0.4606.71 Safari/537.36"
12.190.236.20 - - [09/Oct/2021:01:16:01 +0000] "POST /graphql HTTP/1.1" 200 578 "http://marketplacebeta.centralus.cloudapp.azure.com/artworks" "Mozilla/5.0 (iPhone; CPU iPhone OS 13_1 like Mac OS X) AppleWebKit/605.1.15 (KHTML, like Gecko) CriOS/76.0.3809.123 Mobile/15E148 Safari/605.1"
12.190.236.20 - - [09/Oct/2021:01:16:01 +0000] "POST /graphql HTTP/1.1" 200 578 "http://marketplacebeta.centralus.cloudapp.azure.com/artworks" "Mozilla/5.0 (iPhone; CPU iPhone OS 13_1 like Mac OS X) AppleWebKit/605.1.15 (KHTML, like Gecko) CriOS/76.0.3809.123 Mobile/15E148 Safari/605.1"
12.190.236.20 - - [09/Oct/2021:01:16:01 +0000] "POST /graphql HTTP/1.1" 200 578 "http://marketplacebeta.centralus.cloudapp.azure.com/artworks" "Mozilla/5.0 (iPhone; CPU iPhone OS 13_1 like Mac OS X) AppleWebKit/605.1.15 (KHTML, like Gecko) CriOS/76.0.3809.123 Mobile/15E148 Safari/605.1"
12.190.236.20 - - [09/Oct/2021:01:16:01 +0000] "POST /graphql HTTP/1.1" 200 578 "http://marketplacebeta.centralus.cloudapp.azure.com/artworks" "Mozilla/5.0 (iPhone; CPU iPhone OS 13_1 like Mac OS X) AppleWebKit/605.1.15 (KHTML, like Gecko) CriOS/76.0.3809.123 Mobile/15E148 Safari/605.1"
73.193.44.205 - - [09/Oct/2021:01:16:13 +0000] "POST /graphql HTTP/1.1" 200 4989 "http://marketplacebeta.centralus.cloudapp.azure.com/" "Mozilla/5.0 (Macintosh; Intel Mac OS X 10_15_7) AppleWebKit/537.36 (KHTML, like Gecko) Chrome/94.0.4606.71 Safari/537.36"
73.193.44.205 - - [09/Oct/2021:01:16:13 +0000] "POST /graphql HTTP/1.1" 200 4989 "http://marketplacebeta.centralus.cloudapp.azure.com/" "Mozilla/5.0 (Macintosh; Intel Mac OS X 10_15_7) AppleWebKit/537.36 (KHTML, like Gecko) Chrome/94.0.4606.71 Safari/537.36"
73.193.44.205 - - [09/Oct/2021:01:16:13 +0000] "POST /graphql HTTP/1.1" 200 4989 "http://marketplacebeta.centralus.cloudapp.azure.com/" "Mozilla/5.0 (Macintosh; Intel Mac OS X 10_15_7) AppleWebKit/537.36 (KHTML, like Gecko) Chrome/94.0.4606.71 Safari/537.36"
73.193.44.205 - - [09/Oct/2021:01:16:13 +0000] "POST /graphql HTTP/1.1" 200 4989 "http://marketplacebeta.centralus.cloudapp.azure.com/" "Mozilla/5.0 (Macintosh; Intel Mac OS X 10_15_7) AppleWebKit/537.36 (KHTML, like Gecko) Chrome/94.0.4606.71 Safari/537.36"
73.193.44.205 - - [09/Oct/2021:01:16:13 +0000] "GET /search.4a027940.svg HTTP/1.1" 200 416 "http://marketplacebeta.centralus.cloudapp.azure.com/creators" "Mozilla/5.0 (Macintosh; Intel Mac OS X 10_15_7) AppleWebKit/537.36 (KHTML, like Gecko) Chrome/94.0.4606.71 Safari/537.36"
73.193.44.205 - - [09/Oct/2021:01:16:13 +0000] "POST /graphql HTTP/1.1" 200 55 "http://marketplacebeta.centralus.cloudapp.azure.com/creators" "Mozilla/5.0 (Macintosh; Intel Mac OS X 10_15_7) AppleWebKit/537.36 (KHTML, like Gecko) Chrome/94.0.4606.71 Safari/537.36"
73.193.44.205 - - [09/Oct/2021:01:16:13 +0000] "POST /graphql HTTP/1.1" 200 386 "http://marketplacebeta.centralus.cloudapp.azure.com/creators" "Mozilla/5.0 (Macintosh; Intel Mac OS X 10_15_7) AppleWebKit/537.36 (KHTML, like Gecko) Chrome/94.0.4606.71 Safari/537.36"
73.193.44.205 - - [09/Oct/2021:01:16:14 +0000] "GET /uploads/cache/6f/62/6f622dcac8e9dcc6d801c50aea3718d0.jpg HTTP/1.1" 404 197 "http://marketplacebeta.centralus.cloudapp.azure.com/creators" "Mozilla/5.0 (Macintosh; Intel Mac OS X 10_15_7) AppleWebKit/537.36 (KHTML, like Gecko) Chrome/94.0.4606.71 Safari/537.36"
73.193.44.205 - - [09/Oct/2021:01:16:14 +0000] "GET /uploads/LOF_Logo.png HTTP/1.1" 200 28993 "http://marketplacebeta.centralus.cloudapp.azure.com/creators" "Mozilla/5.0 (Macintosh; Intel Mac OS X 10_15_7) AppleWebKit/537.36 (KHTML, like Gecko) Chrome/94.0.4606.71 Safari/537.36"
12.190.236.20 - - [09/Oct/2021:01:16:14 +0000] "POST /graphql HTTP/1.1" 200 578 "http://marketplacebeta.centralus.cloudapp.azure.com/artworks" "Mozilla/5.0 (iPhone; CPU iPhone OS 13_1 like Mac OS X) AppleWebKit/605.1.15 (KHTML, like Gecko) CriOS/76.0.3809.123 Mobile/15E148 Safari/605.1"
12.190.236.20 - - [09/Oct/2021:01:16:14 +0000] "POST /graphql HTTP/1.1" 200 578 "http://marketplacebeta.centralus.cloudapp.azure.com/artworks" "Mozilla/5.0 (iPhone; CPU iPhone OS 13_1 like Mac OS X) AppleWebKit/605.1.15 (KHTML, like Gecko) CriOS/76.0.3809.123 Mobile/15E148 Safari/605.1"
12.190.236.20 - - [09/Oct/2021:01:16:14 +0000] "POST /graphql HTTP/1.1" 200 578 "http://marketplacebeta.centralus.cloudapp.azure.com/artworks" "Mozilla/5.0 (iPhone; CPU iPhone OS 13_1 like Mac OS X) AppleWebKit/605.1.15 (KHTML, like Gecko) CriOS/76.0.3809.123 Mobile/15E148 Safari/605.1"
12.190.236.20 - - [09/Oct/2021:01:16:14 +0000] "POST /graphql HTTP/1.1" 200 578 "http://marketplacebeta.centralus.cloudapp.azure.com/artworks" "Mozilla/5.0 (iPhone; CPU iPhone OS 13_1 like Mac OS X) AppleWebKit/605.1.15 (KHTML, like Gecko) CriOS/76.0.3809.123 Mobile/15E148 Safari/605.1"
12.190.236.20 - - [09/Oct/2021:01:16:14 +0000] "POST /graphql HTTP/1.1" 200 578 "http://marketplacebeta.centralus.cloudapp.azure.com/artworks" "Mozilla/5.0 (iPhone; CPU iPhone OS 13_1 like Mac OS X) AppleWebKit/605.1.15 (KHTML, like Gecko) CriOS/76.0.3809.123 Mobile/15E148 Safari/605.1"
73.193.44.205 - - [09/Oct/2021:01:16:15 +0000] "POST /graphql HTTP/1.1" 200 4989 "http://marketplacebeta.centralus.cloudapp.azure.com/creators" "Mozilla/5.0 (Macintosh; Intel Mac OS X 10_15_7) AppleWebKit/537.36 (KHTML, like Gecko) Chrome/94.0.4606.71 Safari/537.36"
73.193.44.205 - - [09/Oct/2021:01:16:16 +0000] "GET /creators/undefined HTTP/1.1" 200 335 "http://marketplacebeta.centralus.cloudapp.azure.com/creators/@RealBallinAlan" "Mozilla/5.0 (Macintosh; Intel Mac OS X 10_15_7) AppleWebKit/537.36 (KHTML, like Gecko) Chrome/94.0.4606.71 Safari/537.36"
73.193.44.205 - - [09/Oct/2021:01:16:16 +0000] "POST /graphql HTTP/1.1" 200 570 "http://marketplacebeta.centralus.cloudapp.azure.com/creators/@RealBallinAlan" "Mozilla/5.0 (Macintosh; Intel Mac OS X 10_15_7) AppleWebKit/537.36 (KHTML, like Gecko) Chrome/94.0.4606.71 Safari/537.36"
73.193.44.205 - - [09/Oct/2021:01:16:16 +0000] "POST /graphql HTTP/1.1" 200 570 "http://marketplacebeta.centralus.cloudapp.azure.com/creators/@RealBallinAlan" "Mozilla/5.0 (Macintosh; Intel Mac OS X 10_15_7) AppleWebKit/537.36 (KHTML, like Gecko) Chrome/94.0.4606.71 Safari/537.36"
73.193.44.205 - - [09/Oct/2021:01:16:16 +0000] "GET /uploads/cache/6f/62/6f622dcac8e9dcc6d801c50aea3718d0.jpg HTTP/1.1" 404 197 "http://marketplacebeta.centralus.cloudapp.azure.com/creators/@RealBallinAlan" "Mozilla/5.0 (Macintosh; Intel Mac OS X 10_15_7) AppleWebKit/537.36 (KHTML, like Gecko) Chrome/94.0.4606.71 Safari/537.36"
12.190.236.20 - - [09/Oct/2021:01:16:16 +0000] "GET /menu.3ea0b8ae.svg HTTP/1.1" 200 496 "http://marketplacebeta.centralus.cloudapp.azure.com/artworks/1" "Mozilla/5.0 (iPhone; CPU iPhone OS 13_1 like Mac OS X) AppleWebKit/605.1.15 (KHTML, like Gecko) CriOS/76.0.3809.123 Mobile/15E148 Safari/605.1"
12.190.236.20 - - [09/Oct/2021:01:16:16 +0000] "POST /graphql HTTP/1.1" 200 627 "http://marketplacebeta.centralus.cloudapp.azure.com/artworks/1" "Mozilla/5.0 (iPhone; CPU iPhone OS 13_1 like Mac OS X) AppleWebKit/605.1.15 (KHTML, like Gecko) CriOS/76.0.3809.123 Mobile/15E148 Safari/605.1"
12.190.236.20 - - [09/Oct/2021:01:16:16 +0000] "GET /send.e3d89da1.svg HTTP/1.1" 200 688 "http://marketplacebeta.centralus.cloudapp.azure.com/artworks/1" "Mozilla/5.0 (iPhone; CPU iPhone OS 13_1 like Mac OS X) AppleWebKit/605.1.15 (KHTML, like Gecko) CriOS/76.0.3809.123 Mobile/15E148 Safari/605.1"
12.190.236.20 - - [09/Oct/2021:01:16:17 +0000] "GET /uploads/84084685-3bfc-4355-9a78-d991bd08ffa8.png HTTP/1.1" 200 224514 "http://marketplacebeta.centralus.cloudapp.azure.com/artworks/1" "Mozilla/5.0 (iPhone; CPU iPhone OS 13_1 like Mac OS X) AppleWebKit/605.1.15 (KHTML, like Gecko) CriOS/76.0.3809.123 Mobile/15E148 Safari/605.1"
73.193.44.205 - - [09/Oct/2021:01:16:19 +0000] "POST /graphql HTTP/1.1" 200 570 "http://marketplacebeta.centralus.cloudapp.azure.com/creators/@RealBallinAlan" "Mozilla/5.0 (Macintosh; Intel Mac OS X 10_15_7) AppleWebKit/537.36 (KHTML, like Gecko) Chrome/94.0.4606.71 Safari/537.36"
73.193.44.205 - - [09/Oct/2021:01:16:19 +0000] "POST /graphql HTTP/1.1" 200 570 "http://marketplacebeta.centralus.cloudapp.azure.com/creators/@RealBallinAlan" "Mozilla/5.0 (Macintosh; Intel Mac OS X 10_15_7) AppleWebKit/537.36 (KHTML, like Gecko) Chrome/94.0.4606.71 Safari/537.36"
73.193.44.205 - - [09/Oct/2021:01:16:19 +0000] "POST /graphql HTTP/1.1" 200 4989 "http://marketplacebeta.centralus.cloudapp.azure.com/creators/@RealBallinAlan" "Mozilla/5.0 (Macintosh; Intel Mac OS X 10_15_7) AppleWebKit/537.36 (KHTML, like Gecko) Chrome/94.0.4606.71 Safari/537.36"
73.193.44.205 - - [09/Oct/2021:01:16:19 +0000] "POST /graphql HTTP/1.1" 200 4989 "http://marketplacebeta.centralus.cloudapp.azure.com/creators/@RealBallinAlan" "Mozilla/5.0 (Macintosh; Intel Mac OS X 10_15_7) AppleWebKit/537.36 (KHTML, like Gecko) Chrome/94.0.4606.71 Safari/537.36"
149.154.161.15 - - [09/Oct/2021:01:16:20 +0000] "GET /creators/@RealBallinAlan HTTP/1.1" 200 335 "-" "TelegramBot (like TwitterBot)"
184.162.204.40 - - [09/Oct/2021:01:16:23 +0000] "GET /creators/@RealBallinAlan HTTP/1.1" 200 335 "-" "Mozilla/5.0 (Windows NT 10.0; Win64; x64) AppleWebKit/537.36 (KHTML, like Gecko) Chrome/94.0.4606.71 Safari/537.36 Edg/94.0.992.38"
184.162.204.40 - - [09/Oct/2021:01:16:23 +0000] "GET /edit.d344d5e3.svg HTTP/1.1" 200 492 "http://marketplacebeta.centralus.cloudapp.azure.com/creators/@RealBallinAlan" "Mozilla/5.0 (Windows NT 10.0; Win64; x64) AppleWebKit/537.36 (KHTML, like Gecko) Chrome/94.0.4606.71 Safari/537.36 Edg/94.0.992.38"
184.162.204.40 - - [09/Oct/2021:01:16:23 +0000] "GET /creators/undefined HTTP/1.1" 200 335 "http://marketplacebeta.centralus.cloudapp.azure.com/creators/@RealBallinAlan" "Mozilla/5.0 (Windows NT 10.0; Win64; x64) AppleWebKit/537.36 (KHTML, like Gecko) Chrome/94.0.4606.71 Safari/537.36 Edg/94.0.992.38"
184.162.204.40 - - [09/Oct/2021:01:16:23 +0000] "POST /graphql HTTP/1.1" 200 38 "http://marketplacebeta.centralus.cloudapp.azure.com/creators/@RealBallinAlan" "Mozilla/5.0 (Windows NT 10.0; Win64; x64) AppleWebKit/537.36 (KHTML, like Gecko) Chrome/94.0.4606.71 Safari/537.36 Edg/94.0.992.38"
184.162.204.40 - - [09/Oct/2021:01:16:23 +0000] "POST /graphql HTTP/1.1" 200 570 "http://marketplacebeta.centralus.cloudapp.azure.com/creators/@RealBallinAlan" "Mozilla/5.0 (Windows NT 10.0; Win64; x64) AppleWebKit/537.36 (KHTML, like Gecko) Chrome/94.0.4606.71 Safari/537.36 Edg/94.0.992.38"
184.162.204.40 - - [09/Oct/2021:01:16:23 +0000] "POST /graphql HTTP/1.1" 200 570 "http://marketplacebeta.centralus.cloudapp.azure.com/creators/@RealBallinAlan" "Mozilla/5.0 (Windows NT 10.0; Win64; x64) AppleWebKit/537.36 (KHTML, like Gecko) Chrome/94.0.4606.71 Safari/537.36 Edg/94.0.992.38"
184.162.204.40 - - [09/Oct/2021:01:16:23 +0000] "GET /uploads/cache/6f/62/6f622dcac8e9dcc6d801c50aea3718d0.jpg HTTP/1.1" 404 197 "http://marketplacebeta.centralus.cloudapp.azure.com/creators/@RealBallinAlan" "Mozilla/5.0 (Windows NT 10.0; Win64; x64) AppleWebKit/537.36 (KHTML, like Gecko) Chrome/94.0.4606.71 Safari/537.36 Edg/94.0.992.38"
184.162.204.40 - - [09/Oct/2021:01:16:23 +0000] "GET /uploads/LOF_Logo.png HTTP/1.1" 200 28993 "http://marketplacebeta.centralus.cloudapp.azure.com/creators/@RealBallinAlan" "Mozilla/5.0 (Windows NT 10.0; Win64; x64) AppleWebKit/537.36 (KHTML, like Gecko) Chrome/94.0.4606.71 Safari/537.36 Edg/94.0.992.38"
73.193.44.205 - - [09/Oct/2021:01:16:26 +0000] "POST /graphql HTTP/1.1" 200 4989 "http://marketplacebeta.centralus.cloudapp.azure.com/creators/@me" "Mozilla/5.0 (Macintosh; Intel Mac OS X 10_15_7) AppleWebKit/537.36 (KHTML, like Gecko) Chrome/94.0.4606.71 Safari/537.36"
73.193.44.205 - - [09/Oct/2021:01:16:26 +0000] "GET /edit.d344d5e3.svg HTTP/1.1" 200 492 "http://marketplacebeta.centralus.cloudapp.azure.com/creators/@me" "Mozilla/5.0 (Macintosh; Intel Mac OS X 10_15_7) AppleWebKit/537.36 (KHTML, like Gecko) Chrome/94.0.4606.71 Safari/537.36"
73.193.44.205 - - [09/Oct/2021:01:16:26 +0000] "GET /creators/null HTTP/1.1" 200 335 "http://marketplacebeta.centralus.cloudapp.azure.com/creators/@me" "Mozilla/5.0 (Macintosh; Intel Mac OS X 10_15_7) AppleWebKit/537.36 (KHTML, like Gecko) Chrome/94.0.4606.71 Safari/537.36"
12.190.236.20 - - [09/Oct/2021:01:16:26 +0000] "POST /graphql HTTP/1.1" 200 578 "http://marketplacebeta.centralus.cloudapp.azure.com/artworks/1" "Mozilla/5.0 (iPhone; CPU iPhone OS 13_1 like Mac OS X) AppleWebKit/605.1.15 (KHTML, like Gecko) CriOS/76.0.3809.123 Mobile/15E148 Safari/605.1"
12.190.236.20 - - [09/Oct/2021:01:16:26 +0000] "POST /graphql HTTP/1.1" 200 627 "http://marketplacebeta.centralus.cloudapp.azure.com/artworks/1" "Mozilla/5.0 (iPhone; CPU iPhone OS 13_1 like Mac OS X) AppleWebKit/605.1.15 (KHTML, like Gecko) CriOS/76.0.3809.123 Mobile/15E148 Safari/605.1"
12.190.236.20 - - [09/Oct/2021:01:16:26 +0000] "POST /graphql HTTP/1.1" 200 578 "http://marketplacebeta.centralus.cloudapp.azure.com/artworks/1" "Mozilla/5.0 (iPhone; CPU iPhone OS 13_1 like Mac OS X) AppleWebKit/605.1.15 (KHTML, like Gecko) CriOS/76.0.3809.123 Mobile/15E148 Safari/605.1"
12.190.236.20 - - [09/Oct/2021:01:16:26 +0000] "POST /graphql HTTP/1.1" 200 578 "http://marketplacebeta.centralus.cloudapp.azure.com/artworks/1" "Mozilla/5.0 (iPhone; CPU iPhone OS 13_1 like Mac OS X) AppleWebKit/605.1.15 (KHTML, like Gecko) CriOS/76.0.3809.123 Mobile/15E148 Safari/605.1"
12.190.236.20 - - [09/Oct/2021:01:16:26 +0000] "POST /graphql HTTP/1.1" 200 627 "http://marketplacebeta.centralus.cloudapp.azure.com/artworks/1" "Mozilla/5.0 (iPhone; CPU iPhone OS 13_1 like Mac OS X) AppleWebKit/605.1.15 (KHTML, like Gecko) CriOS/76.0.3809.123 Mobile/15E148 Safari/605.1"
12.190.236.20 - - [09/Oct/2021:01:16:26 +0000] "POST /graphql HTTP/1.1" 200 578 "http://marketplacebeta.centralus.cloudapp.azure.com/artworks/1" "Mozilla/5.0 (iPhone; CPU iPhone OS 13_1 like Mac OS X) AppleWebKit/605.1.15 (KHTML, like Gecko) CriOS/76.0.3809.123 Mobile/15E148 Safari/605.1"
12.190.236.20 - - [09/Oct/2021:01:16:26 +0000] "POST /graphql HTTP/1.1" 200 627 "http://marketplacebeta.centralus.cloudapp.azure.com/artworks/1" "Mozilla/5.0 (iPhone; CPU iPhone OS 13_1 like Mac OS X) AppleWebKit/605.1.15 (KHTML, like Gecko) CriOS/76.0.3809.123 Mobile/15E148 Safari/605.1"
12.190.236.20 - - [09/Oct/2021:01:16:26 +0000] "POST /graphql HTTP/1.1" 200 627 "http://marketplacebeta.centralus.cloudapp.azure.com/artworks/1" "Mozilla/5.0 (iPhone; CPU iPhone OS 13_1 like Mac OS X) AppleWebKit/605.1.15 (KHTML, like Gecko) CriOS/76.0.3809.123 Mobile/15E148 Safari/605.1"
12.190.236.20 - - [09/Oct/2021:01:16:30 +0000] "POST /graphql HTTP/1.1" 200 386 "http://marketplacebeta.centralus.cloudapp.azure.com/creators" "Mozilla/5.0 (iPhone; CPU iPhone OS 13_1 like Mac OS X) AppleWebKit/605.1.15 (KHTML, like Gecko) CriOS/76.0.3809.123 Mobile/15E148 Safari/605.1"
